<?xml version="1.0"?>
<link_info>
   <banner>MSP430 Linker PC v4.4.2</banner>
   <copyright>Copyright (c) 2003-2014 Texas Instruments Incorporated</copyright>
   <link_time>0x54af5b83</link_time>
   <link_errors>0x0</link_errors>
   <output_file>lab_12b_persistent_solution.out</output_file>
   <entry_point>
      <name>_c_int00_noargs</name>
      <address>0xdbd2</address>
   </entry_point>
   <input_file_list>
      <input_file id="fl-2">
         <path>.\</path>
         <kind>object</kind>
         <file>hello.obj</file>
         <name>hello.obj</name>
      </input_file>
      <input_file id="fl-3">
         <path>.\</path>
         <kind>object</kind>
         <file>myClocksWithCrystals.obj</file>
         <name>myClocksWithCrystals.obj</name>
      </input_file>
      <input_file id="fl-4">
         <path>.\</path>
         <kind>object</kind>
         <file>myGpio.obj</file>
         <name>myGpio.obj</name>
      </input_file>
      <input_file id="fl-5">
         <path>.\</path>
         <kind>object</kind>
         <file>myLcd.obj</file>
         <name>myLcd.obj</name>
      </input_file>
      <input_file id="fl-6">
         <path>.\driverlib\MSP430FR2xx_4xx\</path>
         <kind>object</kind>
         <file>adc.obj</file>
         <name>adc.obj</name>
      </input_file>
      <input_file id="fl-7">
         <path>.\driverlib\MSP430FR2xx_4xx\</path>
         <kind>object</kind>
         <file>crc.obj</file>
         <name>crc.obj</name>
      </input_file>
      <input_file id="fl-8">
         <path>.\driverlib\MSP430FR2xx_4xx\</path>
         <kind>object</kind>
         <file>cs.obj</file>
         <name>cs.obj</name>
      </input_file>
      <input_file id="fl-9">
         <path>.\driverlib\MSP430FR2xx_4xx\</path>
         <kind>object</kind>
         <file>eusci_a_spi.obj</file>
         <name>eusci_a_spi.obj</name>
      </input_file>
      <input_file id="fl-a">
         <path>.\driverlib\MSP430FR2xx_4xx\</path>
         <kind>object</kind>
         <file>eusci_a_uart.obj</file>
         <name>eusci_a_uart.obj</name>
      </input_file>
      <input_file id="fl-b">
         <path>.\driverlib\MSP430FR2xx_4xx\</path>
         <kind>object</kind>
         <file>eusci_b_i2c.obj</file>
         <name>eusci_b_i2c.obj</name>
      </input_file>
      <input_file id="fl-c">
         <path>.\driverlib\MSP430FR2xx_4xx\</path>
         <kind>object</kind>
         <file>eusci_b_spi.obj</file>
         <name>eusci_b_spi.obj</name>
      </input_file>
      <input_file id="fl-d">
         <path>.\driverlib\MSP430FR2xx_4xx\</path>
         <kind>object</kind>
         <file>framctl.obj</file>
         <name>framctl.obj</name>
      </input_file>
      <input_file id="fl-e">
         <path>.\driverlib\MSP430FR2xx_4xx\</path>
         <kind>object</kind>
         <file>gpio.obj</file>
         <name>gpio.obj</name>
      </input_file>
      <input_file id="fl-f">
         <path>.\driverlib\MSP430FR2xx_4xx\</path>
         <kind>object</kind>
         <file>lcd_e.obj</file>
         <name>lcd_e.obj</name>
      </input_file>
      <input_file id="fl-10">
         <path>.\driverlib\MSP430FR2xx_4xx\</path>
         <kind>object</kind>
         <file>pmm.obj</file>
         <name>pmm.obj</name>
      </input_file>
      <input_file id="fl-11">
         <path>.\driverlib\MSP430FR2xx_4xx\</path>
         <kind>object</kind>
         <file>rtc.obj</file>
         <name>rtc.obj</name>
      </input_file>
      <input_file id="fl-12">
         <path>.\driverlib\MSP430FR2xx_4xx\</path>
         <kind>object</kind>
         <file>sfr.obj</file>
         <name>sfr.obj</name>
      </input_file>
      <input_file id="fl-13">
         <path>.\driverlib\MSP430FR2xx_4xx\</path>
         <kind>object</kind>
         <file>sysctl.obj</file>
         <name>sysctl.obj</name>
      </input_file>
      <input_file id="fl-14">
         <path>.\driverlib\MSP430FR2xx_4xx\</path>
         <kind>object</kind>
         <file>timer_a.obj</file>
         <name>timer_a.obj</name>
      </input_file>
      <input_file id="fl-15">
         <path>.\driverlib\MSP430FR2xx_4xx\</path>
         <kind>object</kind>
         <file>tlv.obj</file>
         <name>tlv.obj</name>
      </input_file>
      <input_file id="fl-16">
         <path>.\driverlib\MSP430FR2xx_4xx\</path>
         <kind>object</kind>
         <file>wdt_a.obj</file>
         <name>wdt_a.obj</name>
      </input_file>
      <input_file id="fl-45">
         <path>c:\ti\ccsv6\tools\compiler\ti-cgt-msp430_4.4.2\lib\</path>
         <kind>archive</kind>
         <file>rts430x_lc_sd_eabi.lib</file>
         <name>boot.obj</name>
      </input_file>
      <input_file id="fl-46">
         <path>c:\ti\ccsv6\tools\compiler\ti-cgt-msp430_4.4.2\lib\</path>
         <kind>archive</kind>
         <file>rts430x_lc_sd_eabi.lib</file>
         <name>boot_special.obj</name>
      </input_file>
      <input_file id="fl-47">
         <path>c:\ti\ccsv6\tools\compiler\ti-cgt-msp430_4.4.2\lib\</path>
         <kind>archive</kind>
         <file>rts430x_lc_sd_eabi.lib</file>
         <name>copy_decompress_none.obj</name>
      </input_file>
      <input_file id="fl-48">
         <path>c:\ti\ccsv6\tools\compiler\ti-cgt-msp430_4.4.2\lib\</path>
         <kind>archive</kind>
         <file>rts430x_lc_sd_eabi.lib</file>
         <name>copy_decompress_rle.obj</name>
      </input_file>
      <input_file id="fl-49">
         <path>c:\ti\ccsv6\tools\compiler\ti-cgt-msp430_4.4.2\lib\</path>
         <kind>archive</kind>
         <file>rts430x_lc_sd_eabi.lib</file>
         <name>copy_zero_init.obj</name>
      </input_file>
      <input_file id="fl-4a">
         <path>c:\ti\ccsv6\tools\compiler\ti-cgt-msp430_4.4.2\lib\</path>
         <kind>archive</kind>
         <file>rts430x_lc_sd_eabi.lib</file>
         <name>cpy_util.obj</name>
      </input_file>
      <input_file id="fl-4b">
         <path>c:\ti\ccsv6\tools\compiler\ti-cgt-msp430_4.4.2\lib\</path>
         <kind>archive</kind>
         <file>rts430x_lc_sd_eabi.lib</file>
         <name>div16s.obj</name>
      </input_file>
      <input_file id="fl-4c">
         <path>c:\ti\ccsv6\tools\compiler\ti-cgt-msp430_4.4.2\lib\</path>
         <kind>archive</kind>
         <file>rts430x_lc_sd_eabi.lib</file>
         <name>div16u.obj</name>
      </input_file>
      <input_file id="fl-4d">
         <path>c:\ti\ccsv6\tools\compiler\ti-cgt-msp430_4.4.2\lib\</path>
         <kind>archive</kind>
         <file>rts430x_lc_sd_eabi.lib</file>
         <name>div32s.obj</name>
      </input_file>
      <input_file id="fl-4e">
         <path>c:\ti\ccsv6\tools\compiler\ti-cgt-msp430_4.4.2\lib\</path>
         <kind>archive</kind>
         <file>rts430x_lc_sd_eabi.lib</file>
         <name>div32u.obj</name>
      </input_file>
      <input_file id="fl-4f">
         <path>c:\ti\ccsv6\tools\compiler\ti-cgt-msp430_4.4.2\lib\</path>
         <kind>archive</kind>
         <file>rts430x_lc_sd_eabi.lib</file>
         <name>exit.obj</name>
      </input_file>
      <input_file id="fl-50">
         <path>c:\ti\ccsv6\tools\compiler\ti-cgt-msp430_4.4.2\lib\</path>
         <kind>archive</kind>
         <file>rts430x_lc_sd_eabi.lib</file>
         <name>int45.obj</name>
      </input_file>
      <input_file id="fl-51">
         <path>c:\ti\ccsv6\tools\compiler\ti-cgt-msp430_4.4.2\lib\</path>
         <kind>archive</kind>
         <file>rts430x_lc_sd_eabi.lib</file>
         <name>int46.obj</name>
      </input_file>
      <input_file id="fl-52">
         <path>c:\ti\ccsv6\tools\compiler\ti-cgt-msp430_4.4.2\lib\</path>
         <kind>archive</kind>
         <file>rts430x_lc_sd_eabi.lib</file>
         <name>int47.obj</name>
      </input_file>
      <input_file id="fl-53">
         <path>c:\ti\ccsv6\tools\compiler\ti-cgt-msp430_4.4.2\lib\</path>
         <kind>archive</kind>
         <file>rts430x_lc_sd_eabi.lib</file>
         <name>int48.obj</name>
      </input_file>
      <input_file id="fl-54">
         <path>c:\ti\ccsv6\tools\compiler\ti-cgt-msp430_4.4.2\lib\</path>
         <kind>archive</kind>
         <file>rts430x_lc_sd_eabi.lib</file>
         <name>int49.obj</name>
      </input_file>
      <input_file id="fl-55">
         <path>c:\ti\ccsv6\tools\compiler\ti-cgt-msp430_4.4.2\lib\</path>
         <kind>archive</kind>
         <file>rts430x_lc_sd_eabi.lib</file>
         <name>int50.obj</name>
      </input_file>
      <input_file id="fl-56">
         <path>c:\ti\ccsv6\tools\compiler\ti-cgt-msp430_4.4.2\lib\</path>
         <kind>archive</kind>
         <file>rts430x_lc_sd_eabi.lib</file>
         <name>int51.obj</name>
      </input_file>
      <input_file id="fl-57">
         <path>c:\ti\ccsv6\tools\compiler\ti-cgt-msp430_4.4.2\lib\</path>
         <kind>archive</kind>
         <file>rts430x_lc_sd_eabi.lib</file>
         <name>int52.obj</name>
      </input_file>
      <input_file id="fl-58">
         <path>c:\ti\ccsv6\tools\compiler\ti-cgt-msp430_4.4.2\lib\</path>
         <kind>archive</kind>
         <file>rts430x_lc_sd_eabi.lib</file>
         <name>int53.obj</name>
      </input_file>
      <input_file id="fl-59">
         <path>c:\ti\ccsv6\tools\compiler\ti-cgt-msp430_4.4.2\lib\</path>
         <kind>archive</kind>
         <file>rts430x_lc_sd_eabi.lib</file>
         <name>int54.obj</name>
      </input_file>
      <input_file id="fl-5a">
         <path>c:\ti\ccsv6\tools\compiler\ti-cgt-msp430_4.4.2\lib\</path>
         <kind>archive</kind>
         <file>rts430x_lc_sd_eabi.lib</file>
         <name>int55.obj</name>
      </input_file>
      <input_file id="fl-5b">
         <path>c:\ti\ccsv6\tools\compiler\ti-cgt-msp430_4.4.2\lib\</path>
         <kind>archive</kind>
         <file>rts430x_lc_sd_eabi.lib</file>
         <name>int56.obj</name>
      </input_file>
      <input_file id="fl-5c">
         <path>c:\ti\ccsv6\tools\compiler\ti-cgt-msp430_4.4.2\lib\</path>
         <kind>archive</kind>
         <file>rts430x_lc_sd_eabi.lib</file>
         <name>int57.obj</name>
      </input_file>
      <input_file id="fl-5d">
         <path>c:\ti\ccsv6\tools\compiler\ti-cgt-msp430_4.4.2\lib\</path>
         <kind>archive</kind>
         <file>rts430x_lc_sd_eabi.lib</file>
         <name>int58.obj</name>
      </input_file>
      <input_file id="fl-5e">
         <path>c:\ti\ccsv6\tools\compiler\ti-cgt-msp430_4.4.2\lib\</path>
         <kind>archive</kind>
         <file>rts430x_lc_sd_eabi.lib</file>
         <name>isr_trap.obj</name>
      </input_file>
      <input_file id="fl-5f">
         <path>c:\ti\ccsv6\tools\compiler\ti-cgt-msp430_4.4.2\lib\</path>
         <kind>archive</kind>
         <file>rts430x_lc_sd_eabi.lib</file>
         <name>_lock.obj</name>
      </input_file>
      <input_file id="fl-60">
         <path>c:\ti\ccsv6\tools\compiler\ti-cgt-msp430_4.4.2\lib\</path>
         <kind>archive</kind>
         <file>rts430x_lc_sd_eabi.lib</file>
         <name>lsl16.obj</name>
      </input_file>
      <input_file id="fl-61">
         <path>c:\ti\ccsv6\tools\compiler\ti-cgt-msp430_4.4.2\lib\</path>
         <kind>archive</kind>
         <file>rts430x_lc_sd_eabi.lib</file>
         <name>lsr16.obj</name>
      </input_file>
      <input_file id="fl-62">
         <path>c:\ti\ccsv6\tools\compiler\ti-cgt-msp430_4.4.2\lib\</path>
         <kind>archive</kind>
         <file>rts430x_lc_sd_eabi.lib</file>
         <name>memcpy.obj</name>
      </input_file>
      <input_file id="fl-63">
         <path>c:\ti\ccsv6\tools\compiler\ti-cgt-msp430_4.4.2\lib\</path>
         <kind>archive</kind>
         <file>rts430x_lc_sd_eabi.lib</file>
         <name>mpu_init.obj</name>
      </input_file>
      <input_file id="fl-64">
         <path>c:\ti\ccsv6\tools\compiler\ti-cgt-msp430_4.4.2\lib\</path>
         <kind>archive</kind>
         <file>rts430x_lc_sd_eabi.lib</file>
         <name>mult32.obj</name>
      </input_file>
      <input_file id="fl-65">
         <path>c:\ti\ccsv6\tools\compiler\ti-cgt-msp430_4.4.2\lib\</path>
         <kind>archive</kind>
         <file>rts430x_lc_sd_eabi.lib</file>
         <name>pre_init.obj</name>
      </input_file>
      <input_file id="fl-66">
         <path>c:\ti\ccsv6\tools\compiler\ti-cgt-msp430_4.4.2\lib\</path>
         <kind>archive</kind>
         <file>rts430x_lc_sd_eabi.lib</file>
         <name>printf.obj</name>
      </input_file>
      <input_file id="fl-67">
         <path>c:\ti\ccsv6\tools\compiler\ti-cgt-msp430_4.4.2\lib\</path>
         <kind>archive</kind>
         <file>rts430x_lc_sd_eabi.lib</file>
         <name>args_main.obj</name>
      </input_file>
      <input_file id="fl-68">
         <path>c:\ti\ccsv6\tools\compiler\ti-cgt-msp430_4.4.2\lib\</path>
         <kind>archive</kind>
         <file>rts430x_lc_sd_eabi.lib</file>
         <name>autoinit_wdt.obj</name>
      </input_file>
      <input_file id="fl-69">
         <path>c:\ti\ccsv6\tools\compiler\ti-cgt-msp430_4.4.2\lib\</path>
         <kind>archive</kind>
         <file>rts430x_lc_sd_eabi.lib</file>
         <name>defs.obj</name>
      </input_file>
      <input_file id="fl-6a">
         <path>c:\ti\ccsv6\tools\compiler\ti-cgt-msp430_4.4.2\lib\</path>
         <kind>archive</kind>
         <file>rts430x_lc_sd_eabi.lib</file>
         <name>fputc.obj</name>
      </input_file>
      <input_file id="fl-6b">
         <path>c:\ti\ccsv6\tools\compiler\ti-cgt-msp430_4.4.2\lib\</path>
         <kind>archive</kind>
         <file>rts430x_lc_sd_eabi.lib</file>
         <name>fputs.obj</name>
      </input_file>
      <input_file id="fl-6c">
         <path>c:\ti\ccsv6\tools\compiler\ti-cgt-msp430_4.4.2\lib\</path>
         <kind>archive</kind>
         <file>rts430x_lc_sd_eabi.lib</file>
         <name>_io_perm.obj</name>
      </input_file>
      <input_file id="fl-6d">
         <path>c:\ti\ccsv6\tools\compiler\ti-cgt-msp430_4.4.2\lib\</path>
         <kind>archive</kind>
         <file>rts430x_lc_sd_eabi.lib</file>
         <name>lowlev.obj</name>
      </input_file>
      <input_file id="fl-6e">
         <path>c:\ti\ccsv6\tools\compiler\ti-cgt-msp430_4.4.2\lib\</path>
         <kind>archive</kind>
         <file>rts430x_lc_sd_eabi.lib</file>
         <name>memchr.obj</name>
      </input_file>
      <input_file id="fl-6f">
         <path>c:\ti\ccsv6\tools\compiler\ti-cgt-msp430_4.4.2\lib\</path>
         <kind>archive</kind>
         <file>rts430x_lc_sd_eabi.lib</file>
         <name>_printfi_min.obj</name>
      </input_file>
      <input_file id="fl-70">
         <path>c:\ti\ccsv6\tools\compiler\ti-cgt-msp430_4.4.2\lib\</path>
         <kind>archive</kind>
         <file>rts430x_lc_sd_eabi.lib</file>
         <name>setvbuf.obj</name>
      </input_file>
      <input_file id="fl-71">
         <path>c:\ti\ccsv6\tools\compiler\ti-cgt-msp430_4.4.2\lib\</path>
         <kind>archive</kind>
         <file>rts430x_lc_sd_eabi.lib</file>
         <name>strchr.obj</name>
      </input_file>
      <input_file id="fl-72">
         <path>c:\ti\ccsv6\tools\compiler\ti-cgt-msp430_4.4.2\lib\</path>
         <kind>archive</kind>
         <file>rts430x_lc_sd_eabi.lib</file>
         <name>strcmp.obj</name>
      </input_file>
      <input_file id="fl-73">
         <path>c:\ti\ccsv6\tools\compiler\ti-cgt-msp430_4.4.2\lib\</path>
         <kind>archive</kind>
         <file>rts430x_lc_sd_eabi.lib</file>
         <name>strlen.obj</name>
      </input_file>
      <input_file id="fl-74">
         <path>c:\ti\ccsv6\tools\compiler\ti-cgt-msp430_4.4.2\lib\</path>
         <kind>archive</kind>
         <file>rts430x_lc_sd_eabi.lib</file>
         <name>strncpy.obj</name>
      </input_file>
      <input_file id="fl-75">
         <path>c:\ti\ccsv6\tools\compiler\ti-cgt-msp430_4.4.2\lib\</path>
         <kind>archive</kind>
         <file>rts430x_lc_sd_eabi.lib</file>
         <name>trgdrv.obj</name>
      </input_file>
      <input_file id="fl-76">
         <path>c:\ti\ccsv6\tools\compiler\ti-cgt-msp430_4.4.2\lib\</path>
         <kind>archive</kind>
         <file>rts430x_lc_sd_eabi.lib</file>
         <name>trgmsg.obj</name>
      </input_file>
      <input_file id="fl-77">
         <path>c:\ti\ccsv6\tools\compiler\ti-cgt-msp430_4.4.2\lib\</path>
         <kind>archive</kind>
         <file>rts430x_lc_sd_eabi.lib</file>
         <name>fflush.obj</name>
      </input_file>
      <input_file id="fl-78">
         <path>c:\ti\ccsv6\tools\compiler\ti-cgt-msp430_4.4.2\lib\</path>
         <kind>archive</kind>
         <file>rts430x_lc_sd_eabi.lib</file>
         <name>fopen.obj</name>
      </input_file>
      <input_file id="fl-79">
         <path>c:\ti\ccsv6\tools\compiler\ti-cgt-msp430_4.4.2\lib\</path>
         <kind>archive</kind>
         <file>rts430x_lc_sd_eabi.lib</file>
         <name>fseek.obj</name>
      </input_file>
      <input_file id="fl-7a">
         <path>c:\ti\ccsv6\tools\compiler\ti-cgt-msp430_4.4.2\lib\</path>
         <kind>archive</kind>
         <file>rts430x_lc_sd_eabi.lib</file>
         <name>lsl32.obj</name>
      </input_file>
      <input_file id="fl-7b">
         <path>c:\ti\ccsv6\tools\compiler\ti-cgt-msp430_4.4.2\lib\</path>
         <kind>archive</kind>
         <file>rts430x_lc_sd_eabi.lib</file>
         <name>lsr32.obj</name>
      </input_file>
      <input_file id="fl-7c">
         <path>c:\ti\ccsv6\tools\compiler\ti-cgt-msp430_4.4.2\lib\</path>
         <kind>archive</kind>
         <file>rts430x_lc_sd_eabi.lib</file>
         <name>memccpy.obj</name>
      </input_file>
      <input_file id="fl-7d">
         <path>c:\ti\ccsv6\tools\compiler\ti-cgt-msp430_4.4.2\lib\</path>
         <kind>archive</kind>
         <file>rts430x_lc_sd_eabi.lib</file>
         <name>memory.obj</name>
      </input_file>
      <input_file id="fl-7e">
         <path>c:\ti\ccsv6\tools\compiler\ti-cgt-msp430_4.4.2\lib\</path>
         <kind>archive</kind>
         <file>rts430x_lc_sd_eabi.lib</file>
         <name>memset.obj</name>
      </input_file>
      <input_file id="fl-7f">
         <path>c:\ti\ccsv6\tools\compiler\ti-cgt-msp430_4.4.2\lib\</path>
         <kind>archive</kind>
         <file>rts430x_lc_sd_eabi.lib</file>
         <name>mult16.obj</name>
      </input_file>
      <input_file id="fl-80">
         <path>c:\ti\ccsv6\tools\compiler\ti-cgt-msp430_4.4.2\lib\</path>
         <kind>archive</kind>
         <file>rts430x_lc_sd_eabi.lib</file>
         <name>strcpy.obj</name>
      </input_file>
      <input_file id="fl-81">
         <path>c:\ti\ccsv6\tools\compiler\ti-cgt-msp430_4.4.2\lib\</path>
         <kind>archive</kind>
         <file>rts430x_lc_sd_eabi.lib</file>
         <name>fclose.obj</name>
      </input_file>
      <input_file id="fl-82">
         <path>c:\ti\ccsv6\tools\compiler\ti-cgt-msp430_4.4.2\lib\</path>
         <kind>archive</kind>
         <file>rts430x_lc_sd_eabi.lib</file>
         <name>remove.obj</name>
      </input_file>
   </input_file_list>
   <object_component_list>
      <object_component id="oc-15e">
         <name>.TI.persistent</name>
         <load_address>0xc400</load_address>
         <run_address>0xc400</run_address>
         <size>0x2</size>
         <input_file_ref idref="fl-2"/>
      </object_component>
      <object_component id="oc-4bd">
         <name>.cinit..data.load</name>
         <load_address>0xc402</load_address>
         <run_address>0xc402</run_address>
         <size>0x134</size>
      </object_component>
      <object_component id="oc-4ba">
         <name>__TI_handler_table</name>
         <load_address>0xc538</load_address>
         <run_address>0xc538</run_address>
         <size>0xc</size>
      </object_component>
      <object_component id="oc-4bc">
         <name>.cinit..bss.load</name>
         <load_address>0xc544</load_address>
         <run_address>0xc544</run_address>
         <size>0x6</size>
      </object_component>
      <object_component id="oc-4be">
         <name>.cinit..cio.load</name>
         <load_address>0xc54a</load_address>
         <run_address>0xc54a</run_address>
         <size>0x6</size>
      </object_component>
      <object_component id="oc-4bb">
         <name>__TI_cinit_table</name>
         <load_address>0xc550</load_address>
         <run_address>0xc550</run_address>
         <size>0x18</size>
      </object_component>
      <object_component id="oc-2b2">
         <name>.const:alphabetBig</name>
         <load_address>0xc568</load_address>
         <run_address>0xc568</run_address>
         <size>0x34</size>
         <input_file_ref idref="fl-5"/>
      </object_component>
      <object_component id="oc-16a">
         <name>.const:.string</name>
         <load_address>0xc59c</load_address>
         <run_address>0xc59c</run_address>
         <size>0x2e</size>
         <input_file_ref idref="fl-2"/>
      </object_component>
      <object_component id="oc-244">
         <name>.const:GPIO_PORT_TO_BASE</name>
         <load_address>0xc5ca</load_address>
         <run_address>0xc5ca</run_address>
         <size>0x1c</size>
         <input_file_ref idref="fl-e"/>
      </object_component>
      <object_component id="oc-2f1">
         <name>.const:.string</name>
         <load_address>0xc5e6</load_address>
         <run_address>0xc5e6</run_address>
         <size>0x14</size>
         <input_file_ref idref="fl-6f"/>
      </object_component>
      <object_component id="oc-2bb">
         <name>.const:digit</name>
         <load_address>0xc5fa</load_address>
         <run_address>0xc5fa</run_address>
         <size>0x14</size>
         <input_file_ref idref="fl-5"/>
      </object_component>
      <object_component id="oc-2af">
         <name>.const:location</name>
         <load_address>0xc60e</load_address>
         <run_address>0xc60e</run_address>
         <size>0xc</size>
         <input_file_ref idref="fl-5"/>
      </object_component>
      <object_component id="oc-1c4">
         <name>.const</name>
         <load_address>0xc61a</load_address>
         <run_address>0xc61a</run_address>
         <size>0xa</size>
         <input_file_ref idref="fl-f"/>
      </object_component>
      <object_component id="oc-171">
         <name>.text:LCD_displayNumber</name>
         <load_address>0xc624</load_address>
         <run_address>0xc624</run_address>
         <size>0x1cc</size>
         <input_file_ref idref="fl-5"/>
      </object_component>
      <object_component id="oc-28f">
         <name>.text:_setfield</name>
         <load_address>0xc7f0</load_address>
         <run_address>0xc7f0</run_address>
         <size>0x10e</size>
         <input_file_ref idref="fl-6f"/>
      </object_component>
      <object_component id="oc-158">
         <name>.text:LCD_init</name>
         <load_address>0xc8fe</load_address>
         <run_address>0xc8fe</run_address>
         <size>0xe8</size>
         <input_file_ref idref="fl-5"/>
      </object_component>
      <object_component id="oc-237">
         <name>.text:LCD_showChar</name>
         <load_address>0xc9e6</load_address>
         <run_address>0xc9e6</run_address>
         <size>0xe6</size>
         <input_file_ref idref="fl-5"/>
      </object_component>
      <object_component id="oc-27b">
         <name>.text:fputs</name>
         <load_address>0xcacc</load_address>
         <run_address>0xcacc</run_address>
         <size>0xde</size>
         <input_file_ref idref="fl-6b"/>
      </object_component>
      <object_component id="oc-d2">
         <name>.text:__TI_decompress_rle_core</name>
         <load_address>0xcbaa</load_address>
         <run_address>0xcbaa</run_address>
         <size>0xd6</size>
         <input_file_ref idref="fl-48"/>
      </object_component>
      <object_component id="oc-31c">
         <name>.text:setvbuf</name>
         <load_address>0xcc80</load_address>
         <run_address>0xcc80</run_address>
         <size>0xcc</size>
         <input_file_ref idref="fl-70"/>
      </object_component>
      <object_component id="oc-22a">
         <name>.text:__TI_printfi_minimal</name>
         <load_address>0xcd4c</load_address>
         <run_address>0xcd4c</run_address>
         <size>0xc0</size>
         <input_file_ref idref="fl-6f"/>
      </object_component>
      <object_component id="oc-354">
         <name>.text:malloc</name>
         <load_address>0xce0c</load_address>
         <run_address>0xce0c</run_address>
         <size>0xac</size>
         <input_file_ref idref="fl-7d"/>
      </object_component>
      <object_component id="oc-1f7">
         <name>.text:LCD_E_setPinAsCOM</name>
         <load_address>0xceb8</load_address>
         <run_address>0xceb8</run_address>
         <size>0x9e</size>
         <input_file_ref idref="fl-f"/>
      </object_component>
      <object_component id="oc-10b">
         <name>.text:main</name>
         <load_address>0xcf56</load_address>
         <run_address>0xcf56</run_address>
         <size>0x98</size>
         <input_file_ref idref="fl-2"/>
      </object_component>
      <object_component id="oc-282">
         <name>.text:fputc</name>
         <load_address>0xcfee</load_address>
         <run_address>0xcfee</run_address>
         <size>0x8c</size>
         <input_file_ref idref="fl-6a"/>
      </object_component>
      <object_component id="oc-3c2">
         <name>.text:HOSTlseek</name>
         <load_address>0xd07a</load_address>
         <run_address>0xd07a</run_address>
         <size>0x86</size>
         <input_file_ref idref="fl-75"/>
      </object_component>
      <object_component id="oc-1be">
         <name>.text:LCD_E_setPinAsLCDFunctionEx</name>
         <load_address>0xd100</load_address>
         <run_address>0xd100</run_address>
         <size>0x80</size>
         <input_file_ref idref="fl-f"/>
      </object_component>
      <object_component id="oc-34e">
         <name>.text:free</name>
         <load_address>0xd180</load_address>
         <run_address>0xd180</run_address>
         <size>0x80</size>
         <input_file_ref idref="fl-7d"/>
      </object_component>
      <object_component id="oc-2cd">
         <name>.text:__TI_wrt_ok</name>
         <load_address>0xd200</load_address>
         <run_address>0xd200</run_address>
         <size>0x7a</size>
         <input_file_ref idref="fl-6c"/>
      </object_component>
      <object_component id="oc-f1">
         <name>.text:_auto_init_hold_wdt</name>
         <load_address>0xd27a</load_address>
         <run_address>0xd27a</run_address>
         <size>0x7a</size>
         <input_file_ref idref="fl-68"/>
      </object_component>
      <object_component id="oc-3ce">
         <name>.text:HOSTrename</name>
         <load_address>0xd2f4</load_address>
         <run_address>0xd2f4</run_address>
         <size>0x6a</size>
         <input_file_ref idref="fl-75"/>
      </object_component>
      <object_component id="oc-316">
         <name>.text:fseek</name>
         <load_address>0xd35e</load_address>
         <run_address>0xd35e</run_address>
         <size>0x6a</size>
         <input_file_ref idref="fl-79"/>
      </object_component>
      <object_component id="oc-39e">
         <name>.text:__TI_closefile</name>
         <load_address>0xd3c8</load_address>
         <run_address>0xd3c8</run_address>
         <size>0x68</size>
         <input_file_ref idref="fl-81"/>
      </object_component>
      <object_component id="oc-3aa">
         <name>.text:HOSTopen</name>
         <load_address>0xd430</load_address>
         <run_address>0xd430</run_address>
         <size>0x62</size>
         <input_file_ref idref="fl-75"/>
      </object_component>
      <object_component id="oc-2d9">
         <name>.text:__TI_doflush</name>
         <load_address>0xd492</load_address>
         <run_address>0xd492</run_address>
         <size>0x62</size>
         <input_file_ref idref="fl-77"/>
      </object_component>
      <object_component id="oc-3bc">
         <name>.text:HOSTwrite</name>
         <load_address>0xd4f4</load_address>
         <run_address>0xd4f4</run_address>
         <size>0x5e</size>
         <input_file_ref idref="fl-75"/>
      </object_component>
      <object_component id="oc-3b6">
         <name>.text:HOSTread</name>
         <load_address>0xd552</load_address>
         <run_address>0xd552</run_address>
         <size>0x5c</size>
         <input_file_ref idref="fl-75"/>
      </object_component>
      <object_component id="oc-232">
         <name>.text</name>
         <load_address>0xd5ae</load_address>
         <run_address>0xd5ae</run_address>
         <size>0x58</size>
         <input_file_ref idref="fl-4e"/>
      </object_component>
      <object_component id="oc-41b">
         <name>.text:getdevice</name>
         <load_address>0xd606</load_address>
         <run_address>0xd606</run_address>
         <size>0x54</size>
         <input_file_ref idref="fl-6d"/>
      </object_component>
      <object_component id="oc-33b">
         <name>.text:_ltostr</name>
         <load_address>0xd65a</load_address>
         <run_address>0xd65a</run_address>
         <size>0x52</size>
         <input_file_ref idref="fl-6f"/>
      </object_component>
      <object_component id="oc-2f2">
         <name>.text:_pproc_diouxp</name>
         <load_address>0xd6ac</load_address>
         <run_address>0xd6ac</run_address>
         <size>0x4c</size>
         <input_file_ref idref="fl-6f"/>
      </object_component>
      <object_component id="oc-3e2">
         <name>.text:close</name>
         <load_address>0xd6f8</load_address>
         <run_address>0xd6f8</run_address>
         <size>0x4a</size>
         <input_file_ref idref="fl-6d"/>
      </object_component>
      <object_component id="oc-3b0">
         <name>.text:HOSTclose</name>
         <load_address>0xd742</load_address>
         <run_address>0xd742</run_address>
         <size>0x44</size>
         <input_file_ref idref="fl-75"/>
      </object_component>
      <object_component id="oc-3c8">
         <name>.text:HOSTunlink</name>
         <load_address>0xd786</load_address>
         <run_address>0xd786</run_address>
         <size>0x42</size>
         <input_file_ref idref="fl-75"/>
      </object_component>
      <object_component id="oc-c6">
         <name>.text:__memcpy_far</name>
         <load_address>0xd7c8</load_address>
         <run_address>0xd7c8</run_address>
         <size>0x40</size>
         <input_file_ref idref="fl-4a"/>
      </object_component>
      <object_component id="oc-295">
         <name>.text:_pproc_str</name>
         <load_address>0xd808</load_address>
         <run_address>0xd808</run_address>
         <size>0x40</size>
         <input_file_ref idref="fl-6f"/>
      </object_component>
      <object_component id="oc-16b">
         <name>.text:printf</name>
         <load_address>0xd848</load_address>
         <run_address>0xd848</run_address>
         <size>0x40</size>
         <input_file_ref idref="fl-66"/>
      </object_component>
      <object_component id="oc-7d">
         <name>.text:decompress:ZI:__TI_zero_init</name>
         <load_address>0xd888</load_address>
         <run_address>0xd888</run_address>
         <size>0x3e</size>
         <input_file_ref idref="fl-49"/>
      </object_component>
      <object_component id="oc-40b">
         <name>.text:l_lsl_const</name>
         <load_address>0xd8c6</load_address>
         <run_address>0xd8c6</run_address>
         <size>0x3e</size>
         <input_file_ref idref="fl-7a"/>
      </object_component>
      <object_component id="oc-406">
         <name>.text:l_lsr_const</name>
         <load_address>0xd904</load_address>
         <run_address>0xd904</run_address>
         <size>0x3e</size>
         <input_file_ref idref="fl-7b"/>
      </object_component>
      <object_component id="oc-63">
         <name>.text:decompress:none:__TI_decompress_none</name>
         <load_address>0xd942</load_address>
         <run_address>0xd942</run_address>
         <size>0x3c</size>
         <input_file_ref idref="fl-47"/>
      </object_component>
      <object_component id="oc-397">
         <name>.text:minit</name>
         <load_address>0xd97e</load_address>
         <run_address>0xd97e</run_address>
         <size>0x38</size>
         <input_file_ref idref="fl-7d"/>
      </object_component>
      <object_component id="oc-35a">
         <name>.text:__TI_cleanup</name>
         <load_address>0xd9b6</load_address>
         <run_address>0xd9b6</run_address>
         <size>0x32</size>
         <input_file_ref idref="fl-78"/>
      </object_component>
      <object_component id="oc-3f6">
         <name>.text:__TI_writemsg</name>
         <load_address>0xd9e8</load_address>
         <run_address>0xd9e8</run_address>
         <size>0x2e</size>
         <input_file_ref idref="fl-76"/>
      </object_component>
      <object_component id="oc-335">
         <name>.text:_getarg_diouxp</name>
         <load_address>0xda16</load_address>
         <run_address>0xda16</run_address>
         <size>0x2e</size>
         <input_file_ref idref="fl-6f"/>
      </object_component>
      <object_component id="oc-fd">
         <name>.text:exit</name>
         <load_address>0xda44</load_address>
         <run_address>0xda44</run_address>
         <size>0x2e</size>
         <input_file_ref idref="fl-4f"/>
      </object_component>
      <object_component id="oc-43c">
         <name>.text:finddevice</name>
         <load_address>0xda72</load_address>
         <run_address>0xda72</run_address>
         <size>0x2e</size>
         <input_file_ref idref="fl-6d"/>
      </object_component>
      <object_component id="oc-3fc">
         <name>.text:__TI_readmsg</name>
         <load_address>0xdaa0</load_address>
         <run_address>0xdaa0</run_address>
         <size>0x2c</size>
         <input_file_ref idref="fl-76"/>
      </object_component>
      <object_component id="oc-436">
         <name>.text:strncpy</name>
         <load_address>0xdacc</load_address>
         <run_address>0xdacc</run_address>
         <size>0x2c</size>
         <input_file_ref idref="fl-74"/>
      </object_component>
      <object_component id="oc-3e9">
         <name>.text:unlink</name>
         <load_address>0xdaf8</load_address>
         <run_address>0xdaf8</run_address>
         <size>0x2a</size>
         <input_file_ref idref="fl-6d"/>
      </object_component>
      <object_component id="oc-1cd">
         <name>.text:LCD_E_init</name>
         <load_address>0xdb22</load_address>
         <run_address>0xdb22</run_address>
         <size>0x28</size>
         <input_file_ref idref="fl-f"/>
      </object_component>
      <object_component id="oc-346">
         <name>.text:lseek</name>
         <load_address>0xdb4a</load_address>
         <run_address>0xdb4a</run_address>
         <size>0x26</size>
         <input_file_ref idref="fl-6d"/>
      </object_component>
      <object_component id="oc-2df">
         <name>.text:write</name>
         <load_address>0xdb70</load_address>
         <run_address>0xdb70</run_address>
         <size>0x24</size>
         <input_file_ref idref="fl-6d"/>
      </object_component>
      <object_component id="oc-259">
         <name>.text:setLCDFunction</name>
         <load_address>0xdb94</load_address>
         <run_address>0xdb94</run_address>
         <size>0x20</size>
         <input_file_ref idref="fl-f"/>
      </object_component>
      <object_component id="oc-164">
         <name>.text:FRAMCtl_write16</name>
         <load_address>0xdbb4</load_address>
         <run_address>0xdbb4</run_address>
         <size>0x1e</size>
         <input_file_ref idref="fl-d"/>
      </object_component>
      <object_component id="oc-8f">
         <name>.text:_isr:_c_int00_noargs</name>
         <load_address>0xdbd2</load_address>
         <run_address>0xdbd2</run_address>
         <size>0x1c</size>
         <input_file_ref idref="fl-46"/>
      </object_component>
      <object_component id="oc-381">
         <name>.text:_div</name>
         <load_address>0xdbee</load_address>
         <run_address>0xdbee</run_address>
         <size>0x1a</size>
         <input_file_ref idref="fl-6f"/>
      </object_component>
      <object_component id="oc-2f8">
         <name>.text:memccpy</name>
         <load_address>0xdc08</load_address>
         <run_address>0xdc08</run_address>
         <size>0x1a</size>
         <input_file_ref idref="fl-7c"/>
      </object_component>
      <object_component id="oc-430">
         <name>.text:strchr</name>
         <load_address>0xdc22</load_address>
         <run_address>0xdc22</run_address>
         <size>0x1a</size>
         <input_file_ref idref="fl-71"/>
      </object_component>
      <object_component id="oc-14c">
         <name>.text:WDT_A_hold</name>
         <load_address>0xdc3c</load_address>
         <run_address>0xdc3c</run_address>
         <size>0x18</size>
         <input_file_ref idref="fl-16"/>
      </object_component>
      <object_component id="oc-44d">
         <name>.text:strcmp</name>
         <load_address>0xdc54</load_address>
         <run_address>0xdc54</run_address>
         <size>0x18</size>
         <input_file_ref idref="fl-72"/>
      </object_component>
      <object_component id="oc-177">
         <name>.text:GPIO_setOutputHighOnPin</name>
         <load_address>0xdc6c</load_address>
         <run_address>0xdc6c</run_address>
         <size>0x16</size>
         <input_file_ref idref="fl-e"/>
      </object_component>
      <object_component id="oc-17d">
         <name>.text:GPIO_setOutputLowOnPin</name>
         <load_address>0xdc82</load_address>
         <run_address>0xdc82</run_address>
         <size>0x16</size>
         <input_file_ref idref="fl-e"/>
      </object_component>
      <object_component id="oc-3d6">
         <name>.text</name>
         <load_address>0xdc98</load_address>
         <run_address>0xdc98</run_address>
         <size>0x16</size>
         <input_file_ref idref="fl-4c"/>
      </object_component>
      <object_component id="oc-2d3">
         <name>.text:memchr</name>
         <load_address>0xdcae</load_address>
         <run_address>0xdcae</run_address>
         <size>0x14</size>
         <input_file_ref idref="fl-6e"/>
      </object_component>
      <object_component id="oc-2eb">
         <name>.text:memset</name>
         <load_address>0xdcc2</load_address>
         <run_address>0xdcc2</run_address>
         <size>0x14</size>
         <input_file_ref idref="fl-7e"/>
      </object_component>
      <object_component id="oc-387">
         <name>.text</name>
         <load_address>0xdcd6</load_address>
         <run_address>0xdcd6</run_address>
         <size>0x14</size>
         <input_file_ref idref="fl-7f"/>
      </object_component>
      <object_component id="oc-152">
         <name>.text:FRAMCtl_configureWaitStateControl</name>
         <load_address>0xdcea</load_address>
         <run_address>0xdcea</run_address>
         <size>0x12</size>
         <input_file_ref idref="fl-d"/>
      </object_component>
      <object_component id="oc-203">
         <name>.text:LCD_E_setBlinkingControl</name>
         <load_address>0xdcfc</load_address>
         <run_address>0xdcfc</run_address>
         <size>0x12</size>
         <input_file_ref idref="fl-f"/>
      </object_component>
      <object_component id="oc-1d3">
         <name>.text:LCD_E_setVLCDSource</name>
         <load_address>0xdd0e</load_address>
         <run_address>0xdd0e</run_address>
         <size>0x12</size>
         <input_file_ref idref="fl-f"/>
      </object_component>
      <object_component id="oc-1c7">
         <name>.text:memcpy</name>
         <load_address>0xdd20</load_address>
         <run_address>0xdd20</run_address>
         <size>0x12</size>
         <input_file_ref idref="fl-62"/>
      </object_component>
      <object_component id="oc-412">
         <name>.text:strcpy</name>
         <load_address>0xdd32</load_address>
         <run_address>0xdd32</run_address>
         <size>0x10</size>
         <input_file_ref idref="fl-80"/>
      </object_component>
      <object_component id="oc-69">
         <name>.text:decompress:rle24:__TI_decompress_rle24</name>
         <load_address>0xdd42</load_address>
         <run_address>0xdd42</run_address>
         <size>0xe</size>
         <input_file_ref idref="fl-48"/>
      </object_component>
      <object_component id="oc-289">
         <name>.text:strlen</name>
         <load_address>0xdd50</load_address>
         <run_address>0xdd50</run_address>
         <size>0xe</size>
         <input_file_ref idref="fl-73"/>
      </object_component>
      <object_component id="oc-1b8">
         <name>.text:LCD_E_off</name>
         <load_address>0xdd5e</load_address>
         <run_address>0xdd5e</run_address>
         <size>0xc</size>
         <input_file_ref idref="fl-f"/>
      </object_component>
      <object_component id="oc-209">
         <name>.text:LCD_E_on</name>
         <load_address>0xdd6a</load_address>
         <run_address>0xdd6a</run_address>
         <size>0xc</size>
         <input_file_ref idref="fl-f"/>
      </object_component>
      <object_component id="oc-1e5">
         <name>.text:LCD_E_setChargePumpFreq</name>
         <load_address>0xdd76</load_address>
         <run_address>0xdd76</run_address>
         <size>0xc</size>
         <input_file_ref idref="fl-f"/>
      </object_component>
      <object_component id="oc-2b5">
         <name>.text:LCD_E_setMemory</name>
         <load_address>0xdd82</load_address>
         <run_address>0xdd82</run_address>
         <size>0xc</size>
         <input_file_ref idref="fl-f"/>
      </object_component>
      <object_component id="oc-1d9">
         <name>.text:LCD_E_setVLCDVoltage</name>
         <load_address>0xdd8e</load_address>
         <run_address>0xdd8e</run_address>
         <size>0xc</size>
         <input_file_ref idref="fl-f"/>
      </object_component>
      <object_component id="oc-1fd">
         <name>.text:LCD_E_selectDisplayMemory</name>
         <load_address>0xdd9a</load_address>
         <run_address>0xdd9a</run_address>
         <size>0xa</size>
         <input_file_ref idref="fl-f"/>
      </object_component>
      <object_component id="oc-25f">
         <name>.text</name>
         <load_address>0xdda4</load_address>
         <run_address>0xdda4</run_address>
         <size>0xa</size>
         <input_file_ref idref="fl-60"/>
      </object_component>
      <object_component id="oc-254">
         <name>.text</name>
         <load_address>0xddae</load_address>
         <run_address>0xddae</run_address>
         <size>0xa</size>
         <input_file_ref idref="fl-61"/>
      </object_component>
      <object_component id="oc-1df">
         <name>.text:LCD_E_enableChargePump</name>
         <load_address>0xddb8</load_address>
         <run_address>0xddb8</run_address>
         <size>0x8</size>
         <input_file_ref idref="fl-f"/>
      </object_component>
      <object_component id="oc-1f1">
         <name>.text:LCD_E_clearAllBlinkingMemory</name>
         <load_address>0xddc0</load_address>
         <run_address>0xddc0</run_address>
         <size>0x6</size>
         <input_file_ref idref="fl-f"/>
      </object_component>
      <object_component id="oc-1eb">
         <name>.text:LCD_E_clearAllMemory</name>
         <load_address>0xddc6</load_address>
         <run_address>0xddc6</run_address>
         <size>0x6</size>
         <input_file_ref idref="fl-f"/>
      </object_component>
      <object_component id="oc-df">
         <name>.text:_isr:__TI_ISR_TRAP</name>
         <load_address>0xddcc</load_address>
         <run_address>0xddcc</run_address>
         <size>0x6</size>
         <input_file_ref idref="fl-5e"/>
      </object_component>
      <object_component id="oc-224">
         <name>.text:_outc</name>
         <load_address>0xddd2</load_address>
         <run_address>0xddd2</run_address>
         <size>0x6</size>
         <input_file_ref idref="fl-66"/>
      </object_component>
      <object_component id="oc-21e">
         <name>.text:_outs</name>
         <load_address>0xddd8</load_address>
         <run_address>0xddd8</run_address>
         <size>0x4</size>
         <input_file_ref idref="fl-66"/>
      </object_component>
      <object_component id="oc-eb">
         <name>.text:_system_pre_init</name>
         <load_address>0xdddc</load_address>
         <run_address>0xdddc</run_address>
         <size>0x4</size>
         <input_file_ref idref="fl-65"/>
      </object_component>
      <object_component id="oc-113">
         <name>.text:abort</name>
         <load_address>0xdde0</load_address>
         <run_address>0xdde0</run_address>
         <size>0x4</size>
         <input_file_ref idref="fl-4f"/>
      </object_component>
      <object_component id="oc-1a4">
         <name>.text:_nop</name>
         <load_address>0xdde4</load_address>
         <run_address>0xdde4</run_address>
         <size>0x2</size>
         <input_file_ref idref="fl-5f"/>
      </object_component>
      <object_component id="oc-3e8">
         <name>.common:__TI_tmpnams</name>
         <uninitialized>true</uninitialized>
         <run_address>0x238e</run_address>
         <size>0xa0</size>
      </object_component>
      <object_component id="oc-3f3">
         <name>.common:parmbuf</name>
         <uninitialized>true</uninitialized>
         <run_address>0x242e</run_address>
         <size>0x8</size>
      </object_component>
      <object_component id="oc-392">
         <name>.common:sys_free</name>
         <uninitialized>true</uninitialized>
         <run_address>0x243a</run_address>
         <size>0x2</size>
      </object_component>
      <object_component id="oc-3e0">
         <name>.common:sys_base</name>
         <uninitialized>true</uninitialized>
         <run_address>0x2438</run_address>
         <size>0x2</size>
      </object_component>
      <object_component id="oc-3df">
         <name>.common:memsize</name>
         <uninitialized>true</uninitialized>
         <run_address>0x2436</run_address>
         <size>0x2</size>
      </object_component>
      <object_component id="oc-161">
         <name>.data</name>
         <load_address>0x2268</load_address>
         <run_address>0x2268</run_address>
         <size>0x2</size>
         <input_file_ref idref="fl-2"/>
      </object_component>
      <object_component id="oc-143">
         <name>.data:__TI_cleanup_ptr</name>
         <load_address>0x2258</load_address>
         <run_address>0x2258</run_address>
         <size>0x4</size>
         <input_file_ref idref="fl-45"/>
      </object_component>
      <object_component id="oc-140">
         <name>.data:__TI_dtors_ptr</name>
         <load_address>0x225c</load_address>
         <run_address>0x225c</run_address>
         <size>0x4</size>
         <input_file_ref idref="fl-45"/>
      </object_component>
      <object_component id="oc-13d">
         <name>.data:_lock</name>
         <load_address>0x2260</load_address>
         <run_address>0x2260</run_address>
         <size>0x4</size>
         <input_file_ref idref="fl-5f"/>
      </object_component>
      <object_component id="oc-146">
         <name>.data:_unlock</name>
         <load_address>0x2264</load_address>
         <run_address>0x2264</run_address>
         <size>0x4</size>
         <input_file_ref idref="fl-5f"/>
      </object_component>
      <object_component id="oc-21b">
         <name>.data:_ftable</name>
         <load_address>0x21b8</load_address>
         <run_address>0x21b8</run_address>
         <size>0x78</size>
         <input_file_ref idref="fl-69"/>
      </object_component>
      <object_component id="oc-3a4">
         <name>.data</name>
         <load_address>0x226a</load_address>
         <run_address>0x226a</run_address>
         <size>0x2</size>
         <input_file_ref idref="fl-69"/>
      </object_component>
      <object_component id="oc-36d">
         <name>.data:_device</name>
         <load_address>0x2140</load_address>
         <run_address>0x2140</run_address>
         <size>0x78</size>
         <input_file_ref idref="fl-6d"/>
      </object_component>
      <object_component id="oc-328">
         <name>.data:_stream</name>
         <load_address>0x2230</load_address>
         <run_address>0x2230</run_address>
         <size>0x28</size>
         <input_file_ref idref="fl-6d"/>
      </object_component>
      <object_component id="oc-394">
         <name>.data</name>
         <load_address>0x226c</load_address>
         <run_address>0x226c</run_address>
         <size>0x2</size>
         <input_file_ref idref="fl-7d"/>
      </object_component>
      <object_component id="oc-426">
         <name>.cio</name>
         <uninitialized>true</uninitialized>
         <run_address>0x226e</run_address>
         <size>0x120</size>
         <input_file_ref idref="fl-76"/>
      </object_component>
      <object_component id="oc-c3">
         <name>.sysmem</name>
         <uninitialized>true</uninitialized>
         <run_address>0x2000</run_address>
         <size>0x4</size>
         <input_file_ref idref="fl-7d"/>
      </object_component>
      <object_component id="oc-4c0">
         <name>.sysmem</name>
         <uninitialized>true</uninitialized>
         <run_address>0x2000</run_address>
         <size>0x0</size>
      </object_component>
      <object_component id="oc-bf">
         <name>.stack</name>
         <uninitialized>true</uninitialized>
         <run_address>0x2760</run_address>
         <size>0x2</size>
         <input_file_ref idref="fl-45"/>
      </object_component>
      <object_component id="oc-4bf">
         <name>.stack</name>
         <uninitialized>true</uninitialized>
         <run_address>0x2760</run_address>
         <size>0x0</size>
      </object_component>
      <object_component id="oc-6f">
         <name>.int45</name>
         <load_address>0xffe2</load_address>
         <run_address>0xffe2</run_address>
         <size>0x2</size>
         <input_file_ref idref="fl-50"/>
      </object_component>
      <object_component id="oc-70">
         <name>.int46</name>
         <load_address>0xffe4</load_address>
         <run_address>0xffe4</run_address>
         <size>0x2</size>
         <input_file_ref idref="fl-51"/>
      </object_component>
      <object_component id="oc-71">
         <name>.int47</name>
         <load_address>0xffe6</load_address>
         <run_address>0xffe6</run_address>
         <size>0x2</size>
         <input_file_ref idref="fl-52"/>
      </object_component>
      <object_component id="oc-72">
         <name>.int48</name>
         <load_address>0xffe8</load_address>
         <run_address>0xffe8</run_address>
         <size>0x2</size>
         <input_file_ref idref="fl-53"/>
      </object_component>
      <object_component id="oc-73">
         <name>.int49</name>
         <load_address>0xffea</load_address>
         <run_address>0xffea</run_address>
         <size>0x2</size>
         <input_file_ref idref="fl-54"/>
      </object_component>
      <object_component id="oc-74">
         <name>.int50</name>
         <load_address>0xffec</load_address>
         <run_address>0xffec</run_address>
         <size>0x2</size>
         <input_file_ref idref="fl-55"/>
      </object_component>
      <object_component id="oc-75">
         <name>.int51</name>
         <load_address>0xffee</load_address>
         <run_address>0xffee</run_address>
         <size>0x2</size>
         <input_file_ref idref="fl-56"/>
      </object_component>
      <object_component id="oc-76">
         <name>.int52</name>
         <load_address>0xfff0</load_address>
         <run_address>0xfff0</run_address>
         <size>0x2</size>
         <input_file_ref idref="fl-57"/>
      </object_component>
      <object_component id="oc-77">
         <name>.int53</name>
         <load_address>0xfff2</load_address>
         <run_address>0xfff2</run_address>
         <size>0x2</size>
         <input_file_ref idref="fl-58"/>
      </object_component>
      <object_component id="oc-78">
         <name>.int54</name>
         <load_address>0xfff4</load_address>
         <run_address>0xfff4</run_address>
         <size>0x2</size>
         <input_file_ref idref="fl-59"/>
      </object_component>
      <object_component id="oc-79">
         <name>.int55</name>
         <load_address>0xfff6</load_address>
         <run_address>0xfff6</run_address>
         <size>0x2</size>
         <input_file_ref idref="fl-5a"/>
      </object_component>
      <object_component id="oc-7a">
         <name>.int56</name>
         <load_address>0xfff8</load_address>
         <run_address>0xfff8</run_address>
         <size>0x2</size>
         <input_file_ref idref="fl-5b"/>
      </object_component>
      <object_component id="oc-7b">
         <name>.int57</name>
         <load_address>0xfffa</load_address>
         <run_address>0xfffa</run_address>
         <size>0x2</size>
         <input_file_ref idref="fl-5c"/>
      </object_component>
      <object_component id="oc-7c">
         <name>.int58</name>
         <load_address>0xfffc</load_address>
         <run_address>0xfffc</run_address>
         <size>0x2</size>
         <input_file_ref idref="fl-5d"/>
      </object_component>
      <object_component id="oc-c2">
         <name>.reset</name>
         <load_address>0xfffe</load_address>
         <run_address>0xfffe</run_address>
         <size>0x2</size>
         <input_file_ref idref="fl-45"/>
      </object_component>
      <object_component id="oc-30c">
         <name>.debug_info</name>
         <load_address>0x0</load_address>
         <run_address>0x0</run_address>
         <size>0x327</size>
         <input_file_ref idref="fl-2"/>
      </object_component>
      <object_component id="oc-15f">
         <name>.debug_info</name>
         <load_address>0x327</load_address>
         <run_address>0x327</run_address>
         <size>0xcf</size>
         <input_file_ref idref="fl-2"/>
      </object_component>
      <object_component id="oc-162">
         <name>.debug_info</name>
         <load_address>0x3f6</load_address>
         <run_address>0x3f6</run_address>
         <size>0xcd</size>
         <input_file_ref idref="fl-2"/>
      </object_component>
      <object_component id="oc-10c">
         <name>.debug_info</name>
         <load_address>0x4c3</load_address>
         <run_address>0x4c3</run_address>
         <size>0x1bc</size>
         <input_file_ref idref="fl-2"/>
      </object_component>
      <object_component id="oc-210">
         <name>.debug_info</name>
         <load_address>0x67f</load_address>
         <run_address>0x67f</run_address>
         <size>0x9e</size>
         <input_file_ref idref="fl-2"/>
      </object_component>
      <object_component id="oc-23e">
         <name>.debug_info</name>
         <load_address>0x71d</load_address>
         <run_address>0x71d</run_address>
         <size>0x8b</size>
         <input_file_ref idref="fl-2"/>
      </object_component>
      <object_component id="oc-184">
         <name>.debug_info</name>
         <load_address>0x7a8</load_address>
         <run_address>0x7a8</run_address>
         <size>0x18b</size>
         <input_file_ref idref="fl-2"/>
      </object_component>
      <object_component id="oc-29d">
         <name>.debug_info</name>
         <load_address>0x933</load_address>
         <run_address>0x933</run_address>
         <size>0x2c</size>
         <input_file_ref idref="fl-2"/>
      </object_component>
      <object_component id="oc-243">
         <name>.debug_info</name>
         <load_address>0x95f</load_address>
         <run_address>0x95f</run_address>
         <size>0x525</size>
         <input_file_ref idref="fl-5"/>
      </object_component>
      <object_component id="oc-2b0">
         <name>.debug_info</name>
         <load_address>0xe84</load_address>
         <run_address>0xe84</run_address>
         <size>0xd5</size>
         <input_file_ref idref="fl-5"/>
      </object_component>
      <object_component id="oc-2bc">
         <name>.debug_info</name>
         <load_address>0xf59</load_address>
         <run_address>0xf59</run_address>
         <size>0xcf</size>
         <input_file_ref idref="fl-5"/>
      </object_component>
      <object_component id="oc-2b3">
         <name>.debug_info</name>
         <load_address>0x1028</load_address>
         <run_address>0x1028</run_address>
         <size>0xdb</size>
         <input_file_ref idref="fl-5"/>
      </object_component>
      <object_component id="oc-159">
         <name>.debug_info</name>
         <load_address>0x1103</load_address>
         <run_address>0x1103</run_address>
         <size>0x2ed</size>
         <input_file_ref idref="fl-5"/>
      </object_component>
      <object_component id="oc-238">
         <name>.debug_info</name>
         <load_address>0x13f0</load_address>
         <run_address>0x13f0</run_address>
         <size>0x201</size>
         <input_file_ref idref="fl-5"/>
      </object_component>
      <object_component id="oc-172">
         <name>.debug_info</name>
         <load_address>0x15f1</load_address>
         <run_address>0x15f1</run_address>
         <size>0x319</size>
         <input_file_ref idref="fl-5"/>
      </object_component>
      <object_component id="oc-18c">
         <name>.debug_info</name>
         <load_address>0x190a</load_address>
         <run_address>0x190a</run_address>
         <size>0x2c</size>
         <input_file_ref idref="fl-5"/>
      </object_component>
      <object_component id="oc-121">
         <name>.debug_info</name>
         <load_address>0x1936</load_address>
         <run_address>0x1936</run_address>
         <size>0x84</size>
         <input_file_ref idref="fl-7"/>
      </object_component>
      <object_component id="oc-21a">
         <name>.debug_info</name>
         <load_address>0x19ba</load_address>
         <run_address>0x19ba</run_address>
         <size>0x162</size>
         <input_file_ref idref="fl-d"/>
      </object_component>
      <object_component id="oc-165">
         <name>.debug_info</name>
         <load_address>0x1b1c</load_address>
         <run_address>0x1b1c</run_address>
         <size>0x218</size>
         <input_file_ref idref="fl-d"/>
      </object_component>
      <object_component id="oc-153">
         <name>.debug_info</name>
         <load_address>0x1d34</load_address>
         <run_address>0x1d34</run_address>
         <size>0x1bd</size>
         <input_file_ref idref="fl-d"/>
      </object_component>
      <object_component id="oc-2c3">
         <name>.debug_info</name>
         <load_address>0x1ef1</load_address>
         <run_address>0x1ef1</run_address>
         <size>0x160</size>
         <input_file_ref idref="fl-e"/>
      </object_component>
      <object_component id="oc-245">
         <name>.debug_info</name>
         <load_address>0x2051</load_address>
         <run_address>0x2051</run_address>
         <size>0xff</size>
         <input_file_ref idref="fl-e"/>
      </object_component>
      <object_component id="oc-178">
         <name>.debug_info</name>
         <load_address>0x2150</load_address>
         <run_address>0x2150</run_address>
         <size>0x210</size>
         <input_file_ref idref="fl-e"/>
      </object_component>
      <object_component id="oc-17e">
         <name>.debug_info</name>
         <load_address>0x2360</load_address>
         <run_address>0x2360</run_address>
         <size>0x20e</size>
         <input_file_ref idref="fl-e"/>
      </object_component>
      <object_component id="oc-267">
         <name>.debug_info</name>
         <load_address>0x256e</load_address>
         <run_address>0x256e</run_address>
         <size>0x159</size>
         <input_file_ref idref="fl-f"/>
      </object_component>
      <object_component id="oc-1c5">
         <name>.debug_info</name>
         <load_address>0x26c7</load_address>
         <run_address>0x26c7</run_address>
         <size>0xff</size>
         <input_file_ref idref="fl-f"/>
      </object_component>
      <object_component id="oc-25a">
         <name>.debug_info</name>
         <load_address>0x27c6</load_address>
         <run_address>0x27c6</run_address>
         <size>0x1e4</size>
         <input_file_ref idref="fl-f"/>
      </object_component>
      <object_component id="oc-1ce">
         <name>.debug_info</name>
         <load_address>0x29aa</load_address>
         <run_address>0x29aa</run_address>
         <size>0x1cb</size>
         <input_file_ref idref="fl-f"/>
      </object_component>
      <object_component id="oc-20a">
         <name>.debug_info</name>
         <load_address>0x2b75</load_address>
         <run_address>0x2b75</run_address>
         <size>0x18d</size>
         <input_file_ref idref="fl-f"/>
      </object_component>
      <object_component id="oc-1b9">
         <name>.debug_info</name>
         <load_address>0x2d02</load_address>
         <run_address>0x2d02</run_address>
         <size>0x18f</size>
         <input_file_ref idref="fl-f"/>
      </object_component>
      <object_component id="oc-1ec">
         <name>.debug_info</name>
         <load_address>0x2e91</load_address>
         <run_address>0x2e91</run_address>
         <size>0x1a5</size>
         <input_file_ref idref="fl-f"/>
      </object_component>
      <object_component id="oc-1f2">
         <name>.debug_info</name>
         <load_address>0x3036</load_address>
         <run_address>0x3036</run_address>
         <size>0x1b5</size>
         <input_file_ref idref="fl-f"/>
      </object_component>
      <object_component id="oc-1fe">
         <name>.debug_info</name>
         <load_address>0x31eb</load_address>
         <run_address>0x31eb</run_address>
         <size>0x1f5</size>
         <input_file_ref idref="fl-f"/>
      </object_component>
      <object_component id="oc-204">
         <name>.debug_info</name>
         <load_address>0x33e0</load_address>
         <run_address>0x33e0</run_address>
         <size>0x1e3</size>
         <input_file_ref idref="fl-f"/>
      </object_component>
      <object_component id="oc-1e0">
         <name>.debug_info</name>
         <load_address>0x35c3</load_address>
         <run_address>0x35c3</run_address>
         <size>0x1a9</size>
         <input_file_ref idref="fl-f"/>
      </object_component>
      <object_component id="oc-1e6">
         <name>.debug_info</name>
         <load_address>0x376c</load_address>
         <run_address>0x376c</run_address>
         <size>0x1cd</size>
         <input_file_ref idref="fl-f"/>
      </object_component>
      <object_component id="oc-1d4">
         <name>.debug_info</name>
         <load_address>0x3939</load_address>
         <run_address>0x3939</run_address>
         <size>0x1d9</size>
         <input_file_ref idref="fl-f"/>
      </object_component>
      <object_component id="oc-1da">
         <name>.debug_info</name>
         <load_address>0x3b12</load_address>
         <run_address>0x3b12</run_address>
         <size>0x1d4</size>
         <input_file_ref idref="fl-f"/>
      </object_component>
      <object_component id="oc-1bf">
         <name>.debug_info</name>
         <load_address>0x3ce6</load_address>
         <run_address>0x3ce6</run_address>
         <size>0x32c</size>
         <input_file_ref idref="fl-f"/>
      </object_component>
      <object_component id="oc-1f8">
         <name>.debug_info</name>
         <load_address>0x4012</load_address>
         <run_address>0x4012</run_address>
         <size>0x227</size>
         <input_file_ref idref="fl-f"/>
      </object_component>
      <object_component id="oc-2b6">
         <name>.debug_info</name>
         <load_address>0x4239</load_address>
         <run_address>0x4239</run_address>
         <size>0x1ea</size>
         <input_file_ref idref="fl-f"/>
      </object_component>
      <object_component id="oc-14d">
         <name>.debug_info</name>
         <load_address>0x4423</load_address>
         <run_address>0x4423</run_address>
         <size>0x1b2</size>
         <input_file_ref idref="fl-16"/>
      </object_component>
      <object_component id="oc-1af">
         <name>.debug_info</name>
         <load_address>0x45d5</load_address>
         <run_address>0x45d5</run_address>
         <size>0x1c9</size>
         <input_file_ref idref="fl-45"/>
      </object_component>
      <object_component id="oc-144">
         <name>.debug_info</name>
         <load_address>0x479e</load_address>
         <run_address>0x479e</run_address>
         <size>0xec</size>
         <input_file_ref idref="fl-45"/>
      </object_component>
      <object_component id="oc-141">
         <name>.debug_info</name>
         <load_address>0x488a</load_address>
         <run_address>0x488a</run_address>
         <size>0xe8</size>
         <input_file_ref idref="fl-45"/>
      </object_component>
      <object_component id="oc-c0">
         <name>.debug_info</name>
         <load_address>0x4972</load_address>
         <run_address>0x4972</run_address>
         <size>0xd8</size>
         <input_file_ref idref="fl-45"/>
      </object_component>
      <object_component id="oc-92">
         <name>.debug_info</name>
         <load_address>0x4a4a</load_address>
         <run_address>0x4a4a</run_address>
         <size>0x16a</size>
         <input_file_ref idref="fl-46"/>
      </object_component>
      <object_component id="oc-d1">
         <name>.debug_info</name>
         <load_address>0x4bb4</load_address>
         <run_address>0x4bb4</run_address>
         <size>0x1b2</size>
         <input_file_ref idref="fl-47"/>
      </object_component>
      <object_component id="oc-64">
         <name>.debug_info</name>
         <load_address>0x4d66</load_address>
         <run_address>0x4d66</run_address>
         <size>0x1e2</size>
         <input_file_ref idref="fl-47"/>
      </object_component>
      <object_component id="oc-cc">
         <name>.debug_info</name>
         <load_address>0x4f48</load_address>
         <run_address>0x4f48</run_address>
         <size>0x46</size>
         <input_file_ref idref="fl-47"/>
      </object_component>
      <object_component id="oc-d9">
         <name>.debug_info</name>
         <load_address>0x4f8e</load_address>
         <run_address>0x4f8e</run_address>
         <size>0x1b7</size>
         <input_file_ref idref="fl-48"/>
      </object_component>
      <object_component id="oc-d3">
         <name>.debug_info</name>
         <load_address>0x5145</load_address>
         <run_address>0x5145</run_address>
         <size>0x2a3</size>
         <input_file_ref idref="fl-48"/>
      </object_component>
      <object_component id="oc-6a">
         <name>.debug_info</name>
         <load_address>0x53e8</load_address>
         <run_address>0x53e8</run_address>
         <size>0x1d5</size>
         <input_file_ref idref="fl-48"/>
      </object_component>
      <object_component id="oc-da">
         <name>.debug_info</name>
         <load_address>0x55bd</load_address>
         <run_address>0x55bd</run_address>
         <size>0x39</size>
         <input_file_ref idref="fl-48"/>
      </object_component>
      <object_component id="oc-ea">
         <name>.debug_info</name>
         <load_address>0x55f6</load_address>
         <run_address>0x55f6</run_address>
         <size>0x1ad</size>
         <input_file_ref idref="fl-49"/>
      </object_component>
      <object_component id="oc-7e">
         <name>.debug_info</name>
         <load_address>0x57a3</load_address>
         <run_address>0x57a3</run_address>
         <size>0x1b1</size>
         <input_file_ref idref="fl-49"/>
      </object_component>
      <object_component id="oc-e5">
         <name>.debug_info</name>
         <load_address>0x5954</load_address>
         <run_address>0x5954</run_address>
         <size>0x46</size>
         <input_file_ref idref="fl-49"/>
      </object_component>
      <object_component id="oc-c7">
         <name>.debug_info</name>
         <load_address>0x599a</load_address>
         <run_address>0x599a</run_address>
         <size>0xfb</size>
         <input_file_ref idref="fl-4a"/>
      </object_component>
      <object_component id="oc-3d7">
         <name>.debug_info</name>
         <load_address>0x5a95</load_address>
         <run_address>0x5a95</run_address>
         <size>0x102</size>
         <input_file_ref idref="fl-4c"/>
      </object_component>
      <object_component id="oc-233">
         <name>.debug_info</name>
         <load_address>0x5b97</load_address>
         <run_address>0x5b97</run_address>
         <size>0x104</size>
         <input_file_ref idref="fl-4e"/>
      </object_component>
      <object_component id="oc-14a">
         <name>.debug_info</name>
         <load_address>0x5c9b</load_address>
         <run_address>0x5c9b</run_address>
         <size>0x1d8</size>
         <input_file_ref idref="fl-4f"/>
      </object_component>
      <object_component id="oc-114">
         <name>.debug_info</name>
         <load_address>0x5e73</load_address>
         <run_address>0x5e73</run_address>
         <size>0xfa</size>
         <input_file_ref idref="fl-4f"/>
      </object_component>
      <object_component id="oc-fe">
         <name>.debug_info</name>
         <load_address>0x5f6d</load_address>
         <run_address>0x5f6d</run_address>
         <size>0x155</size>
         <input_file_ref idref="fl-4f"/>
      </object_component>
      <object_component id="oc-e2">
         <name>.debug_info</name>
         <load_address>0x60c2</load_address>
         <run_address>0x60c2</run_address>
         <size>0xf0</size>
         <input_file_ref idref="fl-5e"/>
      </object_component>
      <object_component id="oc-1ac">
         <name>.debug_info</name>
         <load_address>0x61b2</load_address>
         <run_address>0x61b2</run_address>
         <size>0x13b</size>
         <input_file_ref idref="fl-5f"/>
      </object_component>
      <object_component id="oc-13e">
         <name>.debug_info</name>
         <load_address>0x62ed</load_address>
         <run_address>0x62ed</run_address>
         <size>0xd7</size>
         <input_file_ref idref="fl-5f"/>
      </object_component>
      <object_component id="oc-147">
         <name>.debug_info</name>
         <load_address>0x63c4</load_address>
         <run_address>0x63c4</run_address>
         <size>0xdb</size>
         <input_file_ref idref="fl-5f"/>
      </object_component>
      <object_component id="oc-1a8">
         <name>.debug_info</name>
         <load_address>0x649f</load_address>
         <run_address>0x649f</run_address>
         <size>0x106</size>
         <input_file_ref idref="fl-5f"/>
      </object_component>
      <object_component id="oc-262">
         <name>.debug_info</name>
         <load_address>0x65a5</load_address>
         <run_address>0x65a5</run_address>
         <size>0x101</size>
         <input_file_ref idref="fl-60"/>
      </object_component>
      <object_component id="oc-257">
         <name>.debug_info</name>
         <load_address>0x66a6</load_address>
         <run_address>0x66a6</run_address>
         <size>0x101</size>
         <input_file_ref idref="fl-61"/>
      </object_component>
      <object_component id="oc-269">
         <name>.debug_info</name>
         <load_address>0x67a7</load_address>
         <run_address>0x67a7</run_address>
         <size>0x155</size>
         <input_file_ref idref="fl-62"/>
      </object_component>
      <object_component id="oc-1cb">
         <name>.debug_info</name>
         <load_address>0x68fc</load_address>
         <run_address>0x68fc</run_address>
         <size>0x185</size>
         <input_file_ref idref="fl-62"/>
      </object_component>
      <object_component id="oc-ec">
         <name>.debug_info</name>
         <load_address>0x6a81</load_address>
         <run_address>0x6a81</run_address>
         <size>0x12b</size>
         <input_file_ref idref="fl-65"/>
      </object_component>
      <object_component id="oc-231">
         <name>.debug_info</name>
         <load_address>0x6bac</load_address>
         <run_address>0x6bac</run_address>
         <size>0x289</size>
         <input_file_ref idref="fl-66"/>
      </object_component>
      <object_component id="oc-228">
         <name>.debug_info</name>
         <load_address>0x6e35</load_address>
         <run_address>0x6e35</run_address>
         <size>0x149</size>
         <input_file_ref idref="fl-66"/>
      </object_component>
      <object_component id="oc-222">
         <name>.debug_info</name>
         <load_address>0x6f7e</load_address>
         <run_address>0x6f7e</run_address>
         <size>0x158</size>
         <input_file_ref idref="fl-66"/>
      </object_component>
      <object_component id="oc-16e">
         <name>.debug_info</name>
         <load_address>0x70d6</load_address>
         <run_address>0x70d6</run_address>
         <size>0x15c</size>
         <input_file_ref idref="fl-66"/>
      </object_component>
      <object_component id="oc-2a9">
         <name>.debug_info</name>
         <load_address>0x7232</load_address>
         <run_address>0x7232</run_address>
         <size>0xae</size>
         <input_file_ref idref="fl-66"/>
      </object_component>
      <object_component id="oc-135">
         <name>.debug_info</name>
         <load_address>0x72e0</load_address>
         <run_address>0x72e0</run_address>
         <size>0x31e</size>
         <input_file_ref idref="fl-68"/>
      </object_component>
      <object_component id="oc-f5">
         <name>.debug_info</name>
         <load_address>0x75fe</load_address>
         <run_address>0x75fe</run_address>
         <size>0x1de</size>
         <input_file_ref idref="fl-68"/>
      </object_component>
      <object_component id="oc-198">
         <name>.debug_info</name>
         <load_address>0x77dc</load_address>
         <run_address>0x77dc</run_address>
         <size>0x39</size>
         <input_file_ref idref="fl-68"/>
      </object_component>
      <object_component id="oc-136">
         <name>.debug_info</name>
         <load_address>0x7815</load_address>
         <run_address>0x7815</run_address>
         <size>0x2c</size>
         <input_file_ref idref="fl-68"/>
      </object_component>
      <object_component id="oc-279">
         <name>.debug_info</name>
         <load_address>0x7841</load_address>
         <run_address>0x7841</run_address>
         <size>0x116</size>
         <input_file_ref idref="fl-69"/>
      </object_component>
      <object_component id="oc-21c">
         <name>.debug_info</name>
         <load_address>0x7957</load_address>
         <run_address>0x7957</run_address>
         <size>0xda</size>
         <input_file_ref idref="fl-69"/>
      </object_component>
      <object_component id="oc-3a5">
         <name>.debug_info</name>
         <load_address>0x7a31</load_address>
         <run_address>0x7a31</run_address>
         <size>0xe2</size>
         <input_file_ref idref="fl-69"/>
      </object_component>
      <object_component id="oc-2e8">
         <name>.debug_info</name>
         <load_address>0x7b13</load_address>
         <run_address>0x7b13</run_address>
         <size>0x233</size>
         <input_file_ref idref="fl-6a"/>
      </object_component>
      <object_component id="oc-286">
         <name>.debug_info</name>
         <load_address>0x7d46</load_address>
         <run_address>0x7d46</run_address>
         <size>0x1a8</size>
         <input_file_ref idref="fl-6a"/>
      </object_component>
      <object_component id="oc-2e6">
         <name>.debug_info</name>
         <load_address>0x7eee</load_address>
         <run_address>0x7eee</run_address>
         <size>0x2f7</size>
         <input_file_ref idref="fl-6b"/>
      </object_component>
      <object_component id="oc-27e">
         <name>.debug_info</name>
         <load_address>0x81e5</load_address>
         <run_address>0x81e5</run_address>
         <size>0x29f</size>
         <input_file_ref idref="fl-6b"/>
      </object_component>
      <object_component id="oc-323">
         <name>.debug_info</name>
         <load_address>0x8484</load_address>
         <run_address>0x8484</run_address>
         <size>0x1a5</size>
         <input_file_ref idref="fl-6c"/>
      </object_component>
      <object_component id="oc-2d0">
         <name>.debug_info</name>
         <load_address>0x8629</load_address>
         <run_address>0x8629</run_address>
         <size>0x16e</size>
         <input_file_ref idref="fl-6c"/>
      </object_component>
      <object_component id="oc-362">
         <name>.debug_info</name>
         <load_address>0x8797</load_address>
         <run_address>0x8797</run_address>
         <size>0xbb</size>
         <input_file_ref idref="fl-6c"/>
      </object_component>
      <object_component id="oc-32c">
         <name>.debug_info</name>
         <load_address>0x8852</load_address>
         <run_address>0x8852</run_address>
         <size>0x47d</size>
         <input_file_ref idref="fl-6d"/>
      </object_component>
      <object_component id="oc-36e">
         <name>.debug_info</name>
         <load_address>0x8ccf</load_address>
         <run_address>0x8ccf</run_address>
         <size>0xdb</size>
         <input_file_ref idref="fl-6d"/>
      </object_component>
      <object_component id="oc-329">
         <name>.debug_info</name>
         <load_address>0x8daa</load_address>
         <run_address>0x8daa</run_address>
         <size>0xdb</size>
         <input_file_ref idref="fl-6d"/>
      </object_component>
      <object_component id="oc-2e2">
         <name>.debug_info</name>
         <load_address>0x8e85</load_address>
         <run_address>0x8e85</run_address>
         <size>0x1a0</size>
         <input_file_ref idref="fl-6d"/>
      </object_component>
      <object_component id="oc-43f">
         <name>.debug_info</name>
         <load_address>0x9025</load_address>
         <run_address>0x9025</run_address>
         <size>0x160</size>
         <input_file_ref idref="fl-6d"/>
      </object_component>
      <object_component id="oc-41f">
         <name>.debug_info</name>
         <load_address>0x9185</load_address>
         <run_address>0x9185</run_address>
         <size>0x1b9</size>
         <input_file_ref idref="fl-6d"/>
      </object_component>
      <object_component id="oc-3ed">
         <name>.debug_info</name>
         <load_address>0x933e</load_address>
         <run_address>0x933e</run_address>
         <size>0x180</size>
         <input_file_ref idref="fl-6d"/>
      </object_component>
      <object_component id="oc-34a">
         <name>.debug_info</name>
         <load_address>0x94be</load_address>
         <run_address>0x94be</run_address>
         <size>0x1bb</size>
         <input_file_ref idref="fl-6d"/>
      </object_component>
      <object_component id="oc-3e6">
         <name>.debug_info</name>
         <load_address>0x9679</load_address>
         <run_address>0x9679</run_address>
         <size>0x166</size>
         <input_file_ref idref="fl-6d"/>
      </object_component>
      <object_component id="oc-374">
         <name>.debug_info</name>
         <load_address>0x97df</load_address>
         <run_address>0x97df</run_address>
         <size>0x120</size>
         <input_file_ref idref="fl-6d"/>
      </object_component>
      <object_component id="oc-302">
         <name>.debug_info</name>
         <load_address>0x98ff</load_address>
         <run_address>0x98ff</run_address>
         <size>0x2c</size>
         <input_file_ref idref="fl-6d"/>
      </object_component>
      <object_component id="oc-379">
         <name>.debug_info</name>
         <load_address>0x992b</load_address>
         <run_address>0x992b</run_address>
         <size>0x2c</size>
         <input_file_ref idref="fl-6d"/>
      </object_component>
      <object_component id="oc-325">
         <name>.debug_info</name>
         <load_address>0x9957</load_address>
         <run_address>0x9957</run_address>
         <size>0x155</size>
         <input_file_ref idref="fl-6e"/>
      </object_component>
      <object_component id="oc-2d4">
         <name>.debug_info</name>
         <load_address>0x9aac</load_address>
[...]
      </symbol>
      <symbol id="sm-38f">
         <name>LCD_E_setVLCDSource</name>
         <value>0xdd0e</value>
         <object_component_ref idref="oc-1d3"/>
      </symbol>
      <symbol id="sm-390">
         <name>LCD_E_selectDisplayMemory</name>
         <value>0xdd9a</value>
         <object_component_ref idref="oc-1fd"/>
      </symbol>
      <symbol id="sm-391">
         <name>LCD_E_setChargePumpFreq</name>
         <value>0xdd76</value>
         <object_component_ref idref="oc-1e5"/>
      </symbol>
      <symbol id="sm-392">
         <name>LCD_E_init</name>
         <value>0xdb22</value>
         <object_component_ref idref="oc-1cd"/>
      </symbol>
      <symbol id="sm-393">
         <name>LCD_E_enableChargePump</name>
         <value>0xddb8</value>
         <object_component_ref idref="oc-1df"/>
      </symbol>
      <symbol id="sm-394">
         <name>LCD_E_setMemory</name>
         <value>0xdd82</value>
         <object_component_ref idref="oc-2b5"/>
      </symbol>
      <symbol id="sm-395">
         <name>LCD_E_setBlinkingControl</name>
         <value>0xdcfc</value>
         <object_component_ref idref="oc-203"/>
      </symbol>
      <symbol id="sm-396">
         <name>LCD_E_off</name>
         <value>0xdd5e</value>
         <object_component_ref idref="oc-1b8"/>
      </symbol>
      <symbol id="sm-397">
         <name>LCD_E_setVLCDVoltage</name>
         <value>0xdd8e</value>
         <object_component_ref idref="oc-1d9"/>
      </symbol>
      <symbol id="sm-398">
         <name>LCD_E_clearAllBlinkingMemory</name>
         <value>0xddc0</value>
         <object_component_ref idref="oc-1f1"/>
      </symbol>
      <symbol id="sm-399">
         <name>LCD_E_INIT_PARAM</name>
         <value>0xc61a</value>
         <object_component_ref idref="oc-1c4"/>
      </symbol>
      <symbol id="sm-39a">
         <name>LCD_E_setPinAsLCDFunctionEx</name>
         <value>0xd100</value>
         <object_component_ref idref="oc-1be"/>
      </symbol>
      <symbol id="sm-3a9">
         <name>WDT_A_hold</name>
         <value>0xdc3c</value>
         <object_component_ref idref="oc-14c"/>
      </symbol>
      <symbol id="sm-3bf">
         <name>_stack</name>
         <value>0x2760</value>
         <object_component_ref idref="oc-bf"/>
      </symbol>
      <symbol id="sm-3c0">
         <name>__TI_dtors_ptr</name>
         <value>0x225c</value>
         <object_component_ref idref="oc-140"/>
      </symbol>
      <symbol id="sm-3c1">
         <name>__TI_cleanup_ptr</name>
         <value>0x2258</value>
         <object_component_ref idref="oc-143"/>
      </symbol>
      <symbol id="sm-3c2">
         <name>_reset_vector</name>
         <value>0xfffe</value>
         <object_component_ref idref="oc-c2"/>
      </symbol>
      <symbol id="sm-3cd">
         <name>_c_int00_noargs</name>
         <value>0xdbd2</value>
         <object_component_ref idref="oc-8f"/>
      </symbol>
      <symbol id="sm-3de">
         <name>__TI_decompress_none</name>
         <value>0xd942</value>
         <object_component_ref idref="oc-63"/>
      </symbol>
      <symbol id="sm-402">
         <name>__TI_decompress_rle24</name>
         <value>0xdd42</value>
         <object_component_ref idref="oc-69"/>
      </symbol>
      <symbol id="sm-415">
         <name>__TI_zero_init</name>
         <value>0xd888</value>
         <object_component_ref idref="oc-7d"/>
      </symbol>
      <symbol id="sm-420">
         <name>__memcpy_far</name>
         <value>0xd7c8</value>
         <object_component_ref idref="oc-c6"/>
      </symbol>
      <symbol id="sm-42b">
         <name>__mspabi_remu</name>
         <value>0xdc98</value>
         <object_component_ref idref="oc-3d6"/>
      </symbol>
      <symbol id="sm-42c">
         <name>__mspabi_divu</name>
         <value>0xdc98</value>
         <object_component_ref idref="oc-3d6"/>
      </symbol>
      <symbol id="sm-43d">
         <name>__mspabi_remul</name>
         <value>0xd5ae</value>
         <object_component_ref idref="oc-232"/>
      </symbol>
      <symbol id="sm-43e">
         <name>__mspabi_divul</name>
         <value>0xd5ae</value>
         <object_component_ref idref="oc-232"/>
      </symbol>
      <symbol id="sm-455">
         <name>C$$EXIT</name>
         <value>0xdde0</value>
         <object_component_ref idref="oc-113"/>
      </symbol>
      <symbol id="sm-456">
         <name>abort</name>
         <value>0xdde0</value>
         <object_component_ref idref="oc-113"/>
      </symbol>
      <symbol id="sm-457">
         <name>exit</name>
         <value>0xda44</value>
         <object_component_ref idref="oc-fd"/>
      </symbol>
      <symbol id="sm-45a">
         <name>__TI_int45</name>
         <value>0xffe2</value>
         <object_component_ref idref="oc-6f"/>
      </symbol>
      <symbol id="sm-45d">
         <name>__TI_int46</name>
         <value>0xffe4</value>
         <object_component_ref idref="oc-70"/>
      </symbol>
      <symbol id="sm-460">
         <name>__TI_int47</name>
         <value>0xffe6</value>
         <object_component_ref idref="oc-71"/>
      </symbol>
      <symbol id="sm-463">
         <name>__TI_int48</name>
         <value>0xffe8</value>
         <object_component_ref idref="oc-72"/>
      </symbol>
      <symbol id="sm-466">
         <name>__TI_int49</name>
         <value>0xffea</value>
         <object_component_ref idref="oc-73"/>
      </symbol>
      <symbol id="sm-469">
         <name>__TI_int50</name>
         <value>0xffec</value>
         <object_component_ref idref="oc-74"/>
      </symbol>
      <symbol id="sm-46c">
         <name>__TI_int51</name>
         <value>0xffee</value>
         <object_component_ref idref="oc-75"/>
      </symbol>
      <symbol id="sm-46f">
         <name>__TI_int52</name>
         <value>0xfff0</value>
         <object_component_ref idref="oc-76"/>
      </symbol>
      <symbol id="sm-472">
         <name>__TI_int53</name>
         <value>0xfff2</value>
         <object_component_ref idref="oc-77"/>
      </symbol>
      <symbol id="sm-475">
         <name>__TI_int54</name>
         <value>0xfff4</value>
         <object_component_ref idref="oc-78"/>
      </symbol>
      <symbol id="sm-478">
         <name>__TI_int55</name>
         <value>0xfff6</value>
         <object_component_ref idref="oc-79"/>
      </symbol>
      <symbol id="sm-47b">
         <name>__TI_int56</name>
         <value>0xfff8</value>
         <object_component_ref idref="oc-7a"/>
      </symbol>
      <symbol id="sm-47e">
         <name>__TI_int57</name>
         <value>0xfffa</value>
         <object_component_ref idref="oc-7b"/>
      </symbol>
      <symbol id="sm-481">
         <name>__TI_int58</name>
         <value>0xfffc</value>
         <object_component_ref idref="oc-7c"/>
      </symbol>
      <symbol id="sm-489">
         <name>__TI_ISR_TRAP</name>
         <value>0xddcc</value>
         <object_component_ref idref="oc-df"/>
      </symbol>
      <symbol id="sm-49f">
         <name>_nop</name>
         <value>0xdde4</value>
         <object_component_ref idref="oc-1a4"/>
      </symbol>
      <symbol id="sm-4a0">
         <name>_lock</name>
         <value>0x2260</value>
         <object_component_ref idref="oc-13d"/>
      </symbol>
      <symbol id="sm-4a1">
         <name>_unlock</name>
         <value>0x2264</value>
         <object_component_ref idref="oc-146"/>
      </symbol>
      <symbol id="sm-4aa">
         <name>__mspabi_slli</name>
         <value>0xdda4</value>
         <object_component_ref idref="oc-25f"/>
      </symbol>
      <symbol id="sm-4b3">
         <name>__mspabi_srli</name>
         <value>0xddae</value>
         <object_component_ref idref="oc-254"/>
      </symbol>
      <symbol id="sm-4c1">
         <name>memcpy</name>
         <value>0xdd20</value>
         <object_component_ref idref="oc-1c7"/>
      </symbol>
      <symbol id="sm-4cc">
         <name>_system_pre_init</name>
         <value>0xdddc</value>
         <object_component_ref idref="oc-eb"/>
      </symbol>
      <symbol id="sm-4ef">
         <name>printf</name>
         <value>0xd848</value>
         <object_component_ref idref="oc-16b"/>
      </symbol>
      <symbol id="sm-50c">
         <name>_auto_init_hold_wdt</name>
         <value>0xd27a</value>
         <object_component_ref idref="oc-f1"/>
      </symbol>
      <symbol id="sm-51c">
         <name>__TI_tmpnams</name>
         <value>0x238e</value>
      </symbol>
      <symbol id="sm-51d">
         <name>_ftable</name>
         <value>0x21b8</value>
         <object_component_ref idref="oc-21b"/>
      </symbol>
      <symbol id="sm-51e">
         <name>__TI_ft_end</name>
         <value>0x226a</value>
         <object_component_ref idref="oc-3a4"/>
      </symbol>
      <symbol id="sm-531">
         <name>putc</name>
         <value>0xcfee</value>
         <object_component_ref idref="oc-282"/>
      </symbol>
      <symbol id="sm-532">
         <name>fputc</name>
         <value>0xcfee</value>
         <object_component_ref idref="oc-282"/>
      </symbol>
      <symbol id="sm-54a">
         <name>fputs</name>
         <value>0xcacc</value>
         <object_component_ref idref="oc-27b"/>
      </symbol>
      <symbol id="sm-562">
         <name>__TI_wrt_ok</name>
         <value>0xd200</value>
         <object_component_ref idref="oc-2cd"/>
      </symbol>
      <symbol id="sm-5bd">
         <name>lseek</name>
         <value>0xdb4a</value>
         <object_component_ref idref="oc-346"/>
      </symbol>
      <symbol id="sm-5be">
         <name>write</name>
         <value>0xdb70</value>
         <object_component_ref idref="oc-2df"/>
      </symbol>
      <symbol id="sm-5bf">
         <name>close</name>
         <value>0xd6f8</value>
         <object_component_ref idref="oc-3e2"/>
      </symbol>
      <symbol id="sm-5c0">
         <name>unlink</name>
         <value>0xdaf8</value>
         <object_component_ref idref="oc-3e9"/>
      </symbol>
      <symbol id="sm-5cf">
         <name>memchr</name>
         <value>0xdcae</value>
         <object_component_ref idref="oc-2d3"/>
      </symbol>
      <symbol id="sm-636">
         <name>__TI_printfi_minimal</name>
         <value>0xcd4c</value>
         <object_component_ref idref="oc-22a"/>
      </symbol>
      <symbol id="sm-64e">
         <name>setvbuf</name>
         <value>0xcc80</value>
         <object_component_ref idref="oc-31c"/>
      </symbol>
      <symbol id="sm-65d">
         <name>strchr</name>
         <value>0xdc22</value>
         <object_component_ref idref="oc-430"/>
      </symbol>
      <symbol id="sm-66b">
         <name>strcmp</name>
         <value>0xdc54</value>
         <object_component_ref idref="oc-44d"/>
      </symbol>
      <symbol id="sm-678">
         <name>strlen</name>
         <value>0xdd50</value>
         <object_component_ref idref="oc-289"/>
      </symbol>
      <symbol id="sm-688">
         <name>strncpy</name>
         <value>0xdacc</value>
         <object_component_ref idref="oc-436"/>
      </symbol>
      <symbol id="sm-6c3">
         <name>HOSTrename</name>
         <value>0xd2f4</value>
         <object_component_ref idref="oc-3ce"/>
      </symbol>
      <symbol id="sm-6c4">
         <name>HOSTclose</name>
         <value>0xd742</value>
         <object_component_ref idref="oc-3b0"/>
      </symbol>
      <symbol id="sm-6c5">
         <name>HOSTunlink</name>
         <value>0xd786</value>
         <object_component_ref idref="oc-3c8"/>
      </symbol>
      <symbol id="sm-6c6">
         <name>HOSTlseek</name>
         <value>0xd07a</value>
         <object_component_ref idref="oc-3c2"/>
      </symbol>
      <symbol id="sm-6c7">
         <name>HOSTopen</name>
         <value>0xd430</value>
         <object_component_ref idref="oc-3aa"/>
      </symbol>
      <symbol id="sm-6c8">
         <name>HOSTwrite</name>
         <value>0xd4f4</value>
         <object_component_ref idref="oc-3bc"/>
      </symbol>
      <symbol id="sm-6c9">
         <name>HOSTread</name>
         <value>0xd552</value>
         <object_component_ref idref="oc-3b6"/>
      </symbol>
      <symbol id="sm-6e7">
         <name>__TI_readmsg</name>
         <value>0xdaa0</value>
         <object_component_ref idref="oc-3fc"/>
      </symbol>
      <symbol id="sm-6e8">
         <name>C$$IO$$</name>
         <value>0xda12</value>
         <object_component_ref idref="oc-3f6"/>
      </symbol>
      <symbol id="sm-6e9">
         <name>_CIOBUF_</name>
         <value>0x226e</value>
         <object_component_ref idref="oc-426"/>
      </symbol>
      <symbol id="sm-6ea">
         <name>__TI_writemsg</name>
         <value>0xd9e8</value>
         <object_component_ref idref="oc-3f6"/>
      </symbol>
      <symbol id="sm-6fb">
         <name>__TI_doflush</name>
         <value>0xd492</value>
         <object_component_ref idref="oc-2d9"/>
      </symbol>
      <symbol id="sm-707">
         <name>__TI_cleanup</name>
         <value>0xd9b6</value>
         <object_component_ref idref="oc-35a"/>
      </symbol>
      <symbol id="sm-717">
         <name>fseek</name>
         <value>0xd35e</value>
         <object_component_ref idref="oc-316"/>
      </symbol>
      <symbol id="sm-71f">
         <name>__mspabi_slll_9</name>
         <value>0xd8de</value>
         <object_component_ref idref="oc-40b"/>
      </symbol>
      <symbol id="sm-720">
         <name>__mspabi_slll_8</name>
         <value>0xd8e2</value>
         <object_component_ref idref="oc-40b"/>
      </symbol>
      <symbol id="sm-721">
         <name>__mspabi_slll_7</name>
         <value>0xd8e6</value>
         <object_component_ref idref="oc-40b"/>
      </symbol>
      <symbol id="sm-722">
         <name>__mspabi_slll_6</name>
         <value>0xd8ea</value>
         <object_component_ref idref="oc-40b"/>
      </symbol>
      <symbol id="sm-723">
         <name>__mspabi_slll_5</name>
         <value>0xd8ee</value>
         <object_component_ref idref="oc-40b"/>
      </symbol>
      <symbol id="sm-724">
         <name>__mspabi_slll_4</name>
         <value>0xd8f2</value>
         <object_component_ref idref="oc-40b"/>
      </symbol>
      <symbol id="sm-725">
         <name>__mspabi_slll_3</name>
         <value>0xd8f6</value>
         <object_component_ref idref="oc-40b"/>
      </symbol>
      <symbol id="sm-726">
         <name>__mspabi_slll_2</name>
         <value>0xd8fa</value>
         <object_component_ref idref="oc-40b"/>
      </symbol>
      <symbol id="sm-727">
         <name>__mspabi_slll_1</name>
         <value>0xd8fe</value>
         <object_component_ref idref="oc-40b"/>
      </symbol>
      <symbol id="sm-728">
         <name>__mspabi_slll_15</name>
         <value>0xd8c6</value>
         <object_component_ref idref="oc-40b"/>
      </symbol>
      <symbol id="sm-729">
         <name>__mspabi_slll_14</name>
         <value>0xd8ca</value>
         <object_component_ref idref="oc-40b"/>
      </symbol>
      <symbol id="sm-72a">
         <name>__mspabi_slll_13</name>
         <value>0xd8ce</value>
         <object_component_ref idref="oc-40b"/>
      </symbol>
      <symbol id="sm-72b">
         <name>__mspabi_slll_12</name>
         <value>0xd8d2</value>
         <object_component_ref idref="oc-40b"/>
      </symbol>
      <symbol id="sm-72c">
         <name>__mspabi_slll_11</name>
         <value>0xd8d6</value>
         <object_component_ref idref="oc-40b"/>
      </symbol>
      <symbol id="sm-72d">
         <name>__mspabi_slll_10</name>
         <value>0xd8da</value>
         <object_component_ref idref="oc-40b"/>
      </symbol>
      <symbol id="sm-735">
         <name>__mspabi_srll_8</name>
         <value>0xd920</value>
         <object_component_ref idref="oc-406"/>
      </symbol>
      <symbol id="sm-736">
         <name>__mspabi_srll_9</name>
         <value>0xd91c</value>
         <object_component_ref idref="oc-406"/>
      </symbol>
      <symbol id="sm-737">
         <name>__mspabi_srll_6</name>
         <value>0xd928</value>
         <object_component_ref idref="oc-406"/>
      </symbol>
      <symbol id="sm-738">
         <name>__mspabi_srll_7</name>
         <value>0xd924</value>
         <object_component_ref idref="oc-406"/>
      </symbol>
      <symbol id="sm-739">
         <name>__mspabi_srll_4</name>
         <value>0xd930</value>
         <object_component_ref idref="oc-406"/>
      </symbol>
      <symbol id="sm-73a">
         <name>__mspabi_srll_5</name>
         <value>0xd92c</value>
         <object_component_ref idref="oc-406"/>
      </symbol>
      <symbol id="sm-73b">
         <name>__mspabi_srll_2</name>
         <value>0xd938</value>
         <object_component_ref idref="oc-406"/>
      </symbol>
      <symbol id="sm-73c">
         <name>__mspabi_srll_3</name>
         <value>0xd934</value>
         <object_component_ref idref="oc-406"/>
      </symbol>
      <symbol id="sm-73d">
         <name>__mspabi_srll_1</name>
         <value>0xd93c</value>
         <object_component_ref idref="oc-406"/>
      </symbol>
      <symbol id="sm-73e">
         <name>__mspabi_srll_15</name>
         <value>0xd904</value>
         <object_component_ref idref="oc-406"/>
      </symbol>
      <symbol id="sm-73f">
         <name>__mspabi_srll_14</name>
         <value>0xd908</value>
         <object_component_ref idref="oc-406"/>
      </symbol>
      <symbol id="sm-740">
         <name>__mspabi_srll_13</name>
         <value>0xd90c</value>
         <object_component_ref idref="oc-406"/>
      </symbol>
      <symbol id="sm-741">
         <name>__mspabi_srll_12</name>
         <value>0xd910</value>
         <object_component_ref idref="oc-406"/>
      </symbol>
      <symbol id="sm-742">
         <name>__mspabi_srll_11</name>
         <value>0xd914</value>
         <object_component_ref idref="oc-406"/>
      </symbol>
      <symbol id="sm-743">
         <name>__mspabi_srll_10</name>
         <value>0xd918</value>
         <object_component_ref idref="oc-406"/>
      </symbol>
      <symbol id="sm-752">
         <name>memccpy</name>
         <value>0xdc08</value>
         <object_component_ref idref="oc-2f8"/>
      </symbol>
      <symbol id="sm-79f">
         <name>_sys_memory</name>
         <value>0x2000</value>
         <object_component_ref idref="oc-c3"/>
      </symbol>
      <symbol id="sm-7a0">
         <name>free</name>
         <value>0xd180</value>
         <object_component_ref idref="oc-34e"/>
      </symbol>
      <symbol id="sm-7a1">
         <name>malloc</name>
         <value>0xce0c</value>
         <object_component_ref idref="oc-354"/>
      </symbol>
      <symbol id="sm-7a2">
         <name>minit</name>
         <value>0xd97e</value>
         <object_component_ref idref="oc-397"/>
      </symbol>
      <symbol id="sm-7b0">
         <name>memset</name>
         <value>0xdcc2</value>
         <object_component_ref idref="oc-2eb"/>
      </symbol>
      <symbol id="sm-7ba">
         <name>__mspabi_mpyi_sw</name>
         <value>0xdcd6</value>
         <object_component_ref idref="oc-387"/>
      </symbol>
      <symbol id="sm-7bb">
         <name>__mspabi_mpyi</name>
         <value>0xdcd6</value>
         <object_component_ref idref="oc-387"/>
      </symbol>
      <symbol id="sm-7c8">
         <name>strcpy</name>
         <value>0xdd32</value>
         <object_component_ref idref="oc-412"/>
      </symbol>
      <symbol id="sm-7d9">
         <name>__TI_closefile</name>
         <value>0xd3c8</value>
         <object_component_ref idref="oc-39e"/>
      </symbol>
      <symbol id="sm-7de">
         <name>__TI_INITARRAY_Base</name>
         <value>0x0</value>
      </symbol>
      <symbol id="sm-7df">
         <name>__TI_INITARRAY_Limit</name>
         <value>0x0</value>
      </symbol>
      <symbol id="sm-7e0">
         <name>remove</name>
         <value>0xdaf8</value>
      </symbol>
   </symbol_table>
   <title>Link successful</title>
</link_info>
