<?xml version="1.0"?>
<link_info>
   <banner>MSP430 Linker PC v4.4.2</banner>
   <copyright>Copyright (c) 2003-2014 Texas Instruments Incorporated</copyright>
   <link_time>0x54b06854</link_time>
   <link_errors>0x0</link_errors>
   <output_file>lab_12b_persistent.out</output_file>
   <entry_point>
      <name>_c_int00_noargs</name>
      <address>0xdc7c</address>
   </entry_point>
   <input_file_list>
      <input_file id="fl-2">
         <path>.\</path>
         <kind>object</kind>
         <file>hello.obj</file>
         <name>hello.obj</name>
      </input_file>
      <input_file id="fl-3">
         <path>.\</path>
         <kind>object</kind>
         <file>myClocksWithCrystals.obj</file>
         <name>myClocksWithCrystals.obj</name>
      </input_file>
      <input_file id="fl-4">
         <path>.\</path>
         <kind>object</kind>
         <file>myGpio.obj</file>
         <name>myGpio.obj</name>
      </input_file>
      <input_file id="fl-5">
         <path>.\</path>
         <kind>object</kind>
         <file>myLcd.obj</file>
         <name>myLcd.obj</name>
      </input_file>
      <input_file id="fl-6">
         <path>.\driverlib\MSP430FR2xx_4xx\</path>
         <kind>object</kind>
         <file>adc.obj</file>
         <name>adc.obj</name>
      </input_file>
      <input_file id="fl-7">
         <path>.\driverlib\MSP430FR2xx_4xx\</path>
         <kind>object</kind>
         <file>crc.obj</file>
         <name>crc.obj</name>
      </input_file>
      <input_file id="fl-8">
         <path>.\driverlib\MSP430FR2xx_4xx\</path>
         <kind>object</kind>
         <file>cs.obj</file>
         <name>cs.obj</name>
      </input_file>
      <input_file id="fl-9">
         <path>.\driverlib\MSP430FR2xx_4xx\</path>
         <kind>object</kind>
         <file>eusci_a_spi.obj</file>
         <name>eusci_a_spi.obj</name>
      </input_file>
      <input_file id="fl-a">
         <path>.\driverlib\MSP430FR2xx_4xx\</path>
         <kind>object</kind>
         <file>eusci_a_uart.obj</file>
         <name>eusci_a_uart.obj</name>
      </input_file>
      <input_file id="fl-b">
         <path>.\driverlib\MSP430FR2xx_4xx\</path>
         <kind>object</kind>
         <file>eusci_b_i2c.obj</file>
         <name>eusci_b_i2c.obj</name>
      </input_file>
      <input_file id="fl-c">
         <path>.\driverlib\MSP430FR2xx_4xx\</path>
         <kind>object</kind>
         <file>eusci_b_spi.obj</file>
         <name>eusci_b_spi.obj</name>
      </input_file>
      <input_file id="fl-d">
         <path>.\driverlib\MSP430FR2xx_4xx\</path>
         <kind>object</kind>
         <file>framctl.obj</file>
         <name>framctl.obj</name>
      </input_file>
      <input_file id="fl-e">
         <path>.\driverlib\MSP430FR2xx_4xx\</path>
         <kind>object</kind>
         <file>gpio.obj</file>
         <name>gpio.obj</name>
      </input_file>
      <input_file id="fl-f">
         <path>.\driverlib\MSP430FR2xx_4xx\</path>
         <kind>object</kind>
         <file>lcd_e.obj</file>
         <name>lcd_e.obj</name>
      </input_file>
      <input_file id="fl-10">
         <path>.\driverlib\MSP430FR2xx_4xx\</path>
         <kind>object</kind>
         <file>pmm.obj</file>
         <name>pmm.obj</name>
      </input_file>
      <input_file id="fl-11">
         <path>.\driverlib\MSP430FR2xx_4xx\</path>
         <kind>object</kind>
         <file>rtc.obj</file>
         <name>rtc.obj</name>
      </input_file>
      <input_file id="fl-12">
         <path>.\driverlib\MSP430FR2xx_4xx\</path>
         <kind>object</kind>
         <file>sfr.obj</file>
         <name>sfr.obj</name>
      </input_file>
      <input_file id="fl-13">
         <path>.\driverlib\MSP430FR2xx_4xx\</path>
         <kind>object</kind>
         <file>sysctl.obj</file>
         <name>sysctl.obj</name>
      </input_file>
      <input_file id="fl-14">
         <path>.\driverlib\MSP430FR2xx_4xx\</path>
         <kind>object</kind>
         <file>timer_a.obj</file>
         <name>timer_a.obj</name>
      </input_file>
      <input_file id="fl-15">
         <path>.\driverlib\MSP430FR2xx_4xx\</path>
         <kind>object</kind>
         <file>tlv.obj</file>
         <name>tlv.obj</name>
      </input_file>
      <input_file id="fl-16">
         <path>.\driverlib\MSP430FR2xx_4xx\</path>
         <kind>object</kind>
         <file>wdt_a.obj</file>
         <name>wdt_a.obj</name>
      </input_file>
      <input_file id="fl-45">
         <path>c:\ti\ccsv6\tools\compiler\ti-cgt-msp430_4.4.2\lib\</path>
         <kind>archive</kind>
         <file>rts430x_lc_sd_eabi.lib</file>
         <name>boot.obj</name>
      </input_file>
      <input_file id="fl-46">
         <path>c:\ti\ccsv6\tools\compiler\ti-cgt-msp430_4.4.2\lib\</path>
         <kind>archive</kind>
         <file>rts430x_lc_sd_eabi.lib</file>
         <name>boot_special.obj</name>
      </input_file>
      <input_file id="fl-47">
         <path>c:\ti\ccsv6\tools\compiler\ti-cgt-msp430_4.4.2\lib\</path>
         <kind>archive</kind>
         <file>rts430x_lc_sd_eabi.lib</file>
         <name>copy_decompress_none.obj</name>
      </input_file>
      <input_file id="fl-48">
         <path>c:\ti\ccsv6\tools\compiler\ti-cgt-msp430_4.4.2\lib\</path>
         <kind>archive</kind>
         <file>rts430x_lc_sd_eabi.lib</file>
         <name>copy_decompress_rle.obj</name>
      </input_file>
      <input_file id="fl-49">
         <path>c:\ti\ccsv6\tools\compiler\ti-cgt-msp430_4.4.2\lib\</path>
         <kind>archive</kind>
         <file>rts430x_lc_sd_eabi.lib</file>
         <name>copy_zero_init.obj</name>
      </input_file>
      <input_file id="fl-4a">
         <path>c:\ti\ccsv6\tools\compiler\ti-cgt-msp430_4.4.2\lib\</path>
         <kind>archive</kind>
         <file>rts430x_lc_sd_eabi.lib</file>
         <name>cpy_util.obj</name>
      </input_file>
      <input_file id="fl-4b">
         <path>c:\ti\ccsv6\tools\compiler\ti-cgt-msp430_4.4.2\lib\</path>
         <kind>archive</kind>
         <file>rts430x_lc_sd_eabi.lib</file>
         <name>div16s.obj</name>
      </input_file>
      <input_file id="fl-4c">
         <path>c:\ti\ccsv6\tools\compiler\ti-cgt-msp430_4.4.2\lib\</path>
         <kind>archive</kind>
         <file>rts430x_lc_sd_eabi.lib</file>
         <name>div16u.obj</name>
      </input_file>
      <input_file id="fl-4d">
         <path>c:\ti\ccsv6\tools\compiler\ti-cgt-msp430_4.4.2\lib\</path>
         <kind>archive</kind>
         <file>rts430x_lc_sd_eabi.lib</file>
         <name>div32s.obj</name>
      </input_file>
      <input_file id="fl-4e">
         <path>c:\ti\ccsv6\tools\compiler\ti-cgt-msp430_4.4.2\lib\</path>
         <kind>archive</kind>
         <file>rts430x_lc_sd_eabi.lib</file>
         <name>div32u.obj</name>
      </input_file>
      <input_file id="fl-4f">
         <path>c:\ti\ccsv6\tools\compiler\ti-cgt-msp430_4.4.2\lib\</path>
         <kind>archive</kind>
         <file>rts430x_lc_sd_eabi.lib</file>
         <name>exit.obj</name>
      </input_file>
      <input_file id="fl-50">
         <path>c:\ti\ccsv6\tools\compiler\ti-cgt-msp430_4.4.2\lib\</path>
         <kind>archive</kind>
         <file>rts430x_lc_sd_eabi.lib</file>
         <name>int45.obj</name>
      </input_file>
      <input_file id="fl-51">
         <path>c:\ti\ccsv6\tools\compiler\ti-cgt-msp430_4.4.2\lib\</path>
         <kind>archive</kind>
         <file>rts430x_lc_sd_eabi.lib</file>
         <name>int46.obj</name>
      </input_file>
      <input_file id="fl-52">
         <path>c:\ti\ccsv6\tools\compiler\ti-cgt-msp430_4.4.2\lib\</path>
         <kind>archive</kind>
         <file>rts430x_lc_sd_eabi.lib</file>
         <name>int47.obj</name>
      </input_file>
      <input_file id="fl-53">
         <path>c:\ti\ccsv6\tools\compiler\ti-cgt-msp430_4.4.2\lib\</path>
         <kind>archive</kind>
         <file>rts430x_lc_sd_eabi.lib</file>
         <name>int48.obj</name>
      </input_file>
      <input_file id="fl-54">
         <path>c:\ti\ccsv6\tools\compiler\ti-cgt-msp430_4.4.2\lib\</path>
         <kind>archive</kind>
         <file>rts430x_lc_sd_eabi.lib</file>
         <name>int49.obj</name>
      </input_file>
      <input_file id="fl-55">
         <path>c:\ti\ccsv6\tools\compiler\ti-cgt-msp430_4.4.2\lib\</path>
         <kind>archive</kind>
         <file>rts430x_lc_sd_eabi.lib</file>
         <name>int50.obj</name>
      </input_file>
      <input_file id="fl-56">
         <path>c:\ti\ccsv6\tools\compiler\ti-cgt-msp430_4.4.2\lib\</path>
         <kind>archive</kind>
         <file>rts430x_lc_sd_eabi.lib</file>
         <name>int51.obj</name>
      </input_file>
      <input_file id="fl-57">
         <path>c:\ti\ccsv6\tools\compiler\ti-cgt-msp430_4.4.2\lib\</path>
         <kind>archive</kind>
         <file>rts430x_lc_sd_eabi.lib</file>
         <name>int52.obj</name>
      </input_file>
      <input_file id="fl-58">
         <path>c:\ti\ccsv6\tools\compiler\ti-cgt-msp430_4.4.2\lib\</path>
         <kind>archive</kind>
         <file>rts430x_lc_sd_eabi.lib</file>
         <name>int53.obj</name>
      </input_file>
      <input_file id="fl-59">
         <path>c:\ti\ccsv6\tools\compiler\ti-cgt-msp430_4.4.2\lib\</path>
         <kind>archive</kind>
         <file>rts430x_lc_sd_eabi.lib</file>
         <name>int54.obj</name>
      </input_file>
      <input_file id="fl-5a">
         <path>c:\ti\ccsv6\tools\compiler\ti-cgt-msp430_4.4.2\lib\</path>
         <kind>archive</kind>
         <file>rts430x_lc_sd_eabi.lib</file>
         <name>int55.obj</name>
      </input_file>
      <input_file id="fl-5b">
         <path>c:\ti\ccsv6\tools\compiler\ti-cgt-msp430_4.4.2\lib\</path>
         <kind>archive</kind>
         <file>rts430x_lc_sd_eabi.lib</file>
         <name>int56.obj</name>
      </input_file>
      <input_file id="fl-5c">
         <path>c:\ti\ccsv6\tools\compiler\ti-cgt-msp430_4.4.2\lib\</path>
         <kind>archive</kind>
         <file>rts430x_lc_sd_eabi.lib</file>
         <name>int57.obj</name>
      </input_file>
      <input_file id="fl-5d">
         <path>c:\ti\ccsv6\tools\compiler\ti-cgt-msp430_4.4.2\lib\</path>
         <kind>archive</kind>
         <file>rts430x_lc_sd_eabi.lib</file>
         <name>int58.obj</name>
      </input_file>
      <input_file id="fl-5e">
         <path>c:\ti\ccsv6\tools\compiler\ti-cgt-msp430_4.4.2\lib\</path>
         <kind>archive</kind>
         <file>rts430x_lc_sd_eabi.lib</file>
         <name>isr_trap.obj</name>
      </input_file>
      <input_file id="fl-5f">
         <path>c:\ti\ccsv6\tools\compiler\ti-cgt-msp430_4.4.2\lib\</path>
         <kind>archive</kind>
         <file>rts430x_lc_sd_eabi.lib</file>
         <name>_lock.obj</name>
      </input_file>
      <input_file id="fl-60">
         <path>c:\ti\ccsv6\tools\compiler\ti-cgt-msp430_4.4.2\lib\</path>
         <kind>archive</kind>
         <file>rts430x_lc_sd_eabi.lib</file>
         <name>lsl16.obj</name>
      </input_file>
      <input_file id="fl-61">
         <path>c:\ti\ccsv6\tools\compiler\ti-cgt-msp430_4.4.2\lib\</path>
         <kind>archive</kind>
         <file>rts430x_lc_sd_eabi.lib</file>
         <name>lsr16.obj</name>
      </input_file>
      <input_file id="fl-62">
         <path>c:\ti\ccsv6\tools\compiler\ti-cgt-msp430_4.4.2\lib\</path>
         <kind>archive</kind>
         <file>rts430x_lc_sd_eabi.lib</file>
         <name>memcpy.obj</name>
      </input_file>
      <input_file id="fl-63">
         <path>c:\ti\ccsv6\tools\compiler\ti-cgt-msp430_4.4.2\lib\</path>
         <kind>archive</kind>
         <file>rts430x_lc_sd_eabi.lib</file>
         <name>mpu_init.obj</name>
      </input_file>
      <input_file id="fl-64">
         <path>c:\ti\ccsv6\tools\compiler\ti-cgt-msp430_4.4.2\lib\</path>
         <kind>archive</kind>
         <file>rts430x_lc_sd_eabi.lib</file>
         <name>mult32.obj</name>
      </input_file>
      <input_file id="fl-65">
         <path>c:\ti\ccsv6\tools\compiler\ti-cgt-msp430_4.4.2\lib\</path>
         <kind>archive</kind>
         <file>rts430x_lc_sd_eabi.lib</file>
         <name>pre_init.obj</name>
      </input_file>
      <input_file id="fl-66">
         <path>c:\ti\ccsv6\tools\compiler\ti-cgt-msp430_4.4.2\lib\</path>
         <kind>archive</kind>
         <file>rts430x_lc_sd_eabi.lib</file>
         <name>printf.obj</name>
      </input_file>
      <input_file id="fl-67">
         <path>c:\ti\ccsv6\tools\compiler\ti-cgt-msp430_4.4.2\lib\</path>
         <kind>archive</kind>
         <file>rts430x_lc_sd_eabi.lib</file>
         <name>args_main.obj</name>
      </input_file>
      <input_file id="fl-68">
         <path>c:\ti\ccsv6\tools\compiler\ti-cgt-msp430_4.4.2\lib\</path>
         <kind>archive</kind>
         <file>rts430x_lc_sd_eabi.lib</file>
         <name>autoinit_wdt.obj</name>
      </input_file>
      <input_file id="fl-69">
         <path>c:\ti\ccsv6\tools\compiler\ti-cgt-msp430_4.4.2\lib\</path>
         <kind>archive</kind>
         <file>rts430x_lc_sd_eabi.lib</file>
         <name>defs.obj</name>
      </input_file>
      <input_file id="fl-6a">
         <path>c:\ti\ccsv6\tools\compiler\ti-cgt-msp430_4.4.2\lib\</path>
         <kind>archive</kind>
         <file>rts430x_lc_sd_eabi.lib</file>
         <name>fputc.obj</name>
      </input_file>
      <input_file id="fl-6b">
         <path>c:\ti\ccsv6\tools\compiler\ti-cgt-msp430_4.4.2\lib\</path>
         <kind>archive</kind>
         <file>rts430x_lc_sd_eabi.lib</file>
         <name>fputs.obj</name>
      </input_file>
      <input_file id="fl-6c">
         <path>c:\ti\ccsv6\tools\compiler\ti-cgt-msp430_4.4.2\lib\</path>
         <kind>archive</kind>
         <file>rts430x_lc_sd_eabi.lib</file>
         <name>_io_perm.obj</name>
      </input_file>
      <input_file id="fl-6d">
         <path>c:\ti\ccsv6\tools\compiler\ti-cgt-msp430_4.4.2\lib\</path>
         <kind>archive</kind>
         <file>rts430x_lc_sd_eabi.lib</file>
         <name>lowlev.obj</name>
      </input_file>
      <input_file id="fl-6e">
         <path>c:\ti\ccsv6\tools\compiler\ti-cgt-msp430_4.4.2\lib\</path>
         <kind>archive</kind>
         <file>rts430x_lc_sd_eabi.lib</file>
         <name>memchr.obj</name>
      </input_file>
      <input_file id="fl-6f">
         <path>c:\ti\ccsv6\tools\compiler\ti-cgt-msp430_4.4.2\lib\</path>
         <kind>archive</kind>
         <file>rts430x_lc_sd_eabi.lib</file>
         <name>_printfi_min.obj</name>
      </input_file>
      <input_file id="fl-70">
         <path>c:\ti\ccsv6\tools\compiler\ti-cgt-msp430_4.4.2\lib\</path>
         <kind>archive</kind>
         <file>rts430x_lc_sd_eabi.lib</file>
         <name>setvbuf.obj</name>
      </input_file>
      <input_file id="fl-71">
         <path>c:\ti\ccsv6\tools\compiler\ti-cgt-msp430_4.4.2\lib\</path>
         <kind>archive</kind>
         <file>rts430x_lc_sd_eabi.lib</file>
         <name>strchr.obj</name>
      </input_file>
      <input_file id="fl-72">
         <path>c:\ti\ccsv6\tools\compiler\ti-cgt-msp430_4.4.2\lib\</path>
         <kind>archive</kind>
         <file>rts430x_lc_sd_eabi.lib</file>
         <name>strcmp.obj</name>
      </input_file>
      <input_file id="fl-73">
         <path>c:\ti\ccsv6\tools\compiler\ti-cgt-msp430_4.4.2\lib\</path>
         <kind>archive</kind>
         <file>rts430x_lc_sd_eabi.lib</file>
         <name>strlen.obj</name>
      </input_file>
      <input_file id="fl-74">
         <path>c:\ti\ccsv6\tools\compiler\ti-cgt-msp430_4.4.2\lib\</path>
         <kind>archive</kind>
         <file>rts430x_lc_sd_eabi.lib</file>
         <name>strncpy.obj</name>
      </input_file>
      <input_file id="fl-75">
         <path>c:\ti\ccsv6\tools\compiler\ti-cgt-msp430_4.4.2\lib\</path>
         <kind>archive</kind>
         <file>rts430x_lc_sd_eabi.lib</file>
         <name>trgdrv.obj</name>
      </input_file>
      <input_file id="fl-76">
         <path>c:\ti\ccsv6\tools\compiler\ti-cgt-msp430_4.4.2\lib\</path>
         <kind>archive</kind>
         <file>rts430x_lc_sd_eabi.lib</file>
         <name>trgmsg.obj</name>
      </input_file>
      <input_file id="fl-77">
         <path>c:\ti\ccsv6\tools\compiler\ti-cgt-msp430_4.4.2\lib\</path>
         <kind>archive</kind>
         <file>rts430x_lc_sd_eabi.lib</file>
         <name>fflush.obj</name>
      </input_file>
      <input_file id="fl-78">
         <path>c:\ti\ccsv6\tools\compiler\ti-cgt-msp430_4.4.2\lib\</path>
         <kind>archive</kind>
         <file>rts430x_lc_sd_eabi.lib</file>
         <name>fopen.obj</name>
      </input_file>
      <input_file id="fl-79">
         <path>c:\ti\ccsv6\tools\compiler\ti-cgt-msp430_4.4.2\lib\</path>
         <kind>archive</kind>
         <file>rts430x_lc_sd_eabi.lib</file>
         <name>fseek.obj</name>
      </input_file>
      <input_file id="fl-7a">
         <path>c:\ti\ccsv6\tools\compiler\ti-cgt-msp430_4.4.2\lib\</path>
         <kind>archive</kind>
         <file>rts430x_lc_sd_eabi.lib</file>
         <name>lsl32.obj</name>
      </input_file>
      <input_file id="fl-7b">
         <path>c:\ti\ccsv6\tools\compiler\ti-cgt-msp430_4.4.2\lib\</path>
         <kind>archive</kind>
         <file>rts430x_lc_sd_eabi.lib</file>
         <name>lsr32.obj</name>
      </input_file>
      <input_file id="fl-7c">
         <path>c:\ti\ccsv6\tools\compiler\ti-cgt-msp430_4.4.2\lib\</path>
         <kind>archive</kind>
         <file>rts430x_lc_sd_eabi.lib</file>
         <name>memccpy.obj</name>
      </input_file>
      <input_file id="fl-7d">
         <path>c:\ti\ccsv6\tools\compiler\ti-cgt-msp430_4.4.2\lib\</path>
         <kind>archive</kind>
         <file>rts430x_lc_sd_eabi.lib</file>
         <name>memory.obj</name>
      </input_file>
      <input_file id="fl-7e">
         <path>c:\ti\ccsv6\tools\compiler\ti-cgt-msp430_4.4.2\lib\</path>
         <kind>archive</kind>
         <file>rts430x_lc_sd_eabi.lib</file>
         <name>memset.obj</name>
      </input_file>
      <input_file id="fl-7f">
         <path>c:\ti\ccsv6\tools\compiler\ti-cgt-msp430_4.4.2\lib\</path>
         <kind>archive</kind>
         <file>rts430x_lc_sd_eabi.lib</file>
         <name>mult16.obj</name>
      </input_file>
      <input_file id="fl-80">
         <path>c:\ti\ccsv6\tools\compiler\ti-cgt-msp430_4.4.2\lib\</path>
         <kind>archive</kind>
         <file>rts430x_lc_sd_eabi.lib</file>
         <name>strcpy.obj</name>
      </input_file>
      <input_file id="fl-81">
         <path>c:\ti\ccsv6\tools\compiler\ti-cgt-msp430_4.4.2\lib\</path>
         <kind>archive</kind>
         <file>rts430x_lc_sd_eabi.lib</file>
         <name>fclose.obj</name>
      </input_file>
      <input_file id="fl-82">
         <path>c:\ti\ccsv6\tools\compiler\ti-cgt-msp430_4.4.2\lib\</path>
         <kind>archive</kind>
         <file>rts430x_lc_sd_eabi.lib</file>
         <name>remove.obj</name>
      </input_file>
   </input_file_list>
   <object_component_list>
      <object_component id="oc-164">
         <name>.TI.persistent</name>
         <load_address>0xc400</load_address>
         <run_address>0xc400</run_address>
         <size>0x2</size>
         <input_file_ref idref="fl-2"/>
      </object_component>
      <object_component id="oc-4e0">
         <name>.cinit..data.load</name>
         <load_address>0xc402</load_address>
         <run_address>0xc402</run_address>
         <size>0x134</size>
      </object_component>
      <object_component id="oc-4dd">
         <name>__TI_handler_table</name>
         <load_address>0xc538</load_address>
         <run_address>0xc538</run_address>
         <size>0xc</size>
      </object_component>
      <object_component id="oc-4df">
         <name>.cinit..bss.load</name>
         <load_address>0xc544</load_address>
         <run_address>0xc544</run_address>
         <size>0x6</size>
      </object_component>
      <object_component id="oc-4e1">
         <name>.cinit..cio.load</name>
         <load_address>0xc54a</load_address>
         <run_address>0xc54a</run_address>
         <size>0x6</size>
      </object_component>
      <object_component id="oc-4de">
         <name>__TI_cinit_table</name>
         <load_address>0xc550</load_address>
         <run_address>0xc550</run_address>
         <size>0x18</size>
      </object_component>
      <object_component id="oc-2d5">
         <name>.const:alphabetBig</name>
         <load_address>0xc568</load_address>
         <run_address>0xc568</run_address>
         <size>0x34</size>
         <input_file_ref idref="fl-5"/>
      </object_component>
      <object_component id="oc-170">
         <name>.const:.string</name>
         <load_address>0xc59c</load_address>
         <run_address>0xc59c</run_address>
         <size>0x2e</size>
         <input_file_ref idref="fl-2"/>
      </object_component>
      <object_component id="oc-263">
         <name>.const:GPIO_PORT_TO_BASE</name>
         <load_address>0xc5ca</load_address>
         <run_address>0xc5ca</run_address>
         <size>0x1c</size>
         <input_file_ref idref="fl-e"/>
      </object_component>
      <object_component id="oc-314">
         <name>.const:.string</name>
         <load_address>0xc5e6</load_address>
         <run_address>0xc5e6</run_address>
         <size>0x14</size>
         <input_file_ref idref="fl-6f"/>
      </object_component>
      <object_component id="oc-2de">
         <name>.const:digit</name>
         <load_address>0xc5fa</load_address>
         <run_address>0xc5fa</run_address>
         <size>0x14</size>
         <input_file_ref idref="fl-5"/>
      </object_component>
      <object_component id="oc-2d2">
         <name>.const:location</name>
         <load_address>0xc60e</load_address>
         <run_address>0xc60e</run_address>
         <size>0xc</size>
         <input_file_ref idref="fl-5"/>
      </object_component>
      <object_component id="oc-1e3">
         <name>.const</name>
         <load_address>0xc61a</load_address>
         <run_address>0xc61a</run_address>
         <size>0xa</size>
         <input_file_ref idref="fl-f"/>
      </object_component>
      <object_component id="oc-177">
         <name>.text:LCD_displayNumber</name>
         <load_address>0xc624</load_address>
         <run_address>0xc624</run_address>
         <size>0x1cc</size>
         <input_file_ref idref="fl-5"/>
      </object_component>
      <object_component id="oc-2b2">
         <name>.text:_setfield</name>
         <load_address>0xc7f0</load_address>
         <run_address>0xc7f0</run_address>
         <size>0x10e</size>
         <input_file_ref idref="fl-6f"/>
      </object_component>
      <object_component id="oc-15e">
         <name>.text:LCD_init</name>
         <load_address>0xc8fe</load_address>
         <run_address>0xc8fe</run_address>
         <size>0xe8</size>
         <input_file_ref idref="fl-5"/>
      </object_component>
      <object_component id="oc-256">
         <name>.text:LCD_showChar</name>
         <load_address>0xc9e6</load_address>
         <run_address>0xc9e6</run_address>
         <size>0xe6</size>
         <input_file_ref idref="fl-5"/>
      </object_component>
      <object_component id="oc-29e">
         <name>.text:fputs</name>
         <load_address>0xcacc</load_address>
         <run_address>0xcacc</run_address>
         <size>0xde</size>
         <input_file_ref idref="fl-6b"/>
      </object_component>
      <object_component id="oc-d2">
         <name>.text:__TI_decompress_rle_core</name>
         <load_address>0xcbaa</load_address>
         <run_address>0xcbaa</run_address>
         <size>0xd6</size>
         <input_file_ref idref="fl-48"/>
      </object_component>
      <object_component id="oc-33f">
         <name>.text:setvbuf</name>
         <load_address>0xcc80</load_address>
         <run_address>0xcc80</run_address>
         <size>0xcc</size>
         <input_file_ref idref="fl-70"/>
      </object_component>
      <object_component id="oc-249">
         <name>.text:__TI_printfi_minimal</name>
         <load_address>0xcd4c</load_address>
         <run_address>0xcd4c</run_address>
         <size>0xc0</size>
         <input_file_ref idref="fl-6f"/>
      </object_component>
      <object_component id="oc-377">
         <name>.text:malloc</name>
         <load_address>0xce0c</load_address>
         <run_address>0xce0c</run_address>
         <size>0xac</size>
         <input_file_ref idref="fl-7d"/>
      </object_component>
      <object_component id="oc-216">
         <name>.text:LCD_E_setPinAsCOM</name>
         <load_address>0xceb8</load_address>
         <run_address>0xceb8</run_address>
         <size>0x9e</size>
         <input_file_ref idref="fl-f"/>
      </object_component>
      <object_component id="oc-10b">
         <name>.text:main</name>
         <load_address>0xcf56</load_address>
         <run_address>0xcf56</run_address>
         <size>0x9c</size>
         <input_file_ref idref="fl-2"/>
      </object_component>
      <object_component id="oc-2a5">
         <name>.text:fputc</name>
         <load_address>0xcff2</load_address>
         <run_address>0xcff2</run_address>
         <size>0x8c</size>
         <input_file_ref idref="fl-6a"/>
      </object_component>
      <object_component id="oc-3e5">
         <name>.text:HOSTlseek</name>
         <load_address>0xd07e</load_address>
         <run_address>0xd07e</run_address>
         <size>0x86</size>
         <input_file_ref idref="fl-75"/>
      </object_component>
      <object_component id="oc-1dd">
         <name>.text:LCD_E_setPinAsLCDFunctionEx</name>
         <load_address>0xd104</load_address>
         <run_address>0xd104</run_address>
         <size>0x80</size>
         <input_file_ref idref="fl-f"/>
      </object_component>
      <object_component id="oc-371">
         <name>.text:free</name>
         <load_address>0xd184</load_address>
         <run_address>0xd184</run_address>
         <size>0x80</size>
         <input_file_ref idref="fl-7d"/>
      </object_component>
      <object_component id="oc-2f0">
         <name>.text:__TI_wrt_ok</name>
         <load_address>0xd204</load_address>
         <run_address>0xd204</run_address>
         <size>0x7a</size>
         <input_file_ref idref="fl-6c"/>
      </object_component>
      <object_component id="oc-f1">
         <name>.text:_auto_init_hold_wdt</name>
         <load_address>0xd27e</load_address>
         <run_address>0xd27e</run_address>
         <size>0x7a</size>
         <input_file_ref idref="fl-68"/>
      </object_component>
      <object_component id="oc-3f1">
         <name>.text:HOSTrename</name>
         <load_address>0xd2f8</load_address>
         <run_address>0xd2f8</run_address>
         <size>0x6a</size>
         <input_file_ref idref="fl-75"/>
      </object_component>
      <object_component id="oc-339">
         <name>.text:fseek</name>
         <load_address>0xd362</load_address>
         <run_address>0xd362</run_address>
         <size>0x6a</size>
         <input_file_ref idref="fl-79"/>
      </object_component>
      <object_component id="oc-3c1">
         <name>.text:__TI_closefile</name>
         <load_address>0xd3cc</load_address>
         <run_address>0xd3cc</run_address>
         <size>0x68</size>
         <input_file_ref idref="fl-81"/>
      </object_component>
      <object_component id="oc-3cd">
         <name>.text:HOSTopen</name>
         <load_address>0xd434</load_address>
         <run_address>0xd434</run_address>
         <size>0x62</size>
         <input_file_ref idref="fl-75"/>
      </object_component>
      <object_component id="oc-2fc">
         <name>.text:__TI_doflush</name>
         <load_address>0xd496</load_address>
         <run_address>0xd496</run_address>
         <size>0x62</size>
         <input_file_ref idref="fl-77"/>
      </object_component>
      <object_component id="oc-3df">
         <name>.text:HOSTwrite</name>
         <load_address>0xd4f8</load_address>
         <run_address>0xd4f8</run_address>
         <size>0x5e</size>
         <input_file_ref idref="fl-75"/>
      </object_component>
      <object_component id="oc-3d9">
         <name>.text:HOSTread</name>
         <load_address>0xd556</load_address>
         <run_address>0xd556</run_address>
         <size>0x5c</size>
         <input_file_ref idref="fl-75"/>
      </object_component>
      <object_component id="oc-251">
         <name>.text</name>
         <load_address>0xd5b2</load_address>
         <run_address>0xd5b2</run_address>
         <size>0x58</size>
         <input_file_ref idref="fl-4e"/>
      </object_component>
      <object_component id="oc-43e">
         <name>.text:getdevice</name>
         <load_address>0xd60a</load_address>
         <run_address>0xd60a</run_address>
         <size>0x54</size>
         <input_file_ref idref="fl-6d"/>
      </object_component>
      <object_component id="oc-35e">
         <name>.text:_ltostr</name>
         <load_address>0xd65e</load_address>
         <run_address>0xd65e</run_address>
         <size>0x52</size>
         <input_file_ref idref="fl-6f"/>
      </object_component>
      <object_component id="oc-315">
         <name>.text:_pproc_diouxp</name>
         <load_address>0xd6b0</load_address>
         <run_address>0xd6b0</run_address>
         <size>0x4c</size>
         <input_file_ref idref="fl-6f"/>
      </object_component>
      <object_component id="oc-405">
         <name>.text:close</name>
         <load_address>0xd6fc</load_address>
         <run_address>0xd6fc</run_address>
         <size>0x4a</size>
         <input_file_ref idref="fl-6d"/>
      </object_component>
      <object_component id="oc-3d3">
         <name>.text:HOSTclose</name>
         <load_address>0xd746</load_address>
         <run_address>0xd746</run_address>
         <size>0x44</size>
         <input_file_ref idref="fl-75"/>
      </object_component>
      <object_component id="oc-3eb">
         <name>.text:HOSTunlink</name>
         <load_address>0xd78a</load_address>
         <run_address>0xd78a</run_address>
         <size>0x42</size>
         <input_file_ref idref="fl-75"/>
      </object_component>
      <object_component id="oc-c6">
         <name>.text:__memcpy_far</name>
         <load_address>0xd7cc</load_address>
         <run_address>0xd7cc</run_address>
         <size>0x40</size>
         <input_file_ref idref="fl-4a"/>
      </object_component>
      <object_component id="oc-2b8">
         <name>.text:_pproc_str</name>
         <load_address>0xd80c</load_address>
         <run_address>0xd80c</run_address>
         <size>0x40</size>
         <input_file_ref idref="fl-6f"/>
      </object_component>
      <object_component id="oc-171">
         <name>.text:printf</name>
         <load_address>0xd84c</load_address>
         <run_address>0xd84c</run_address>
         <size>0x40</size>
         <input_file_ref idref="fl-66"/>
      </object_component>
      <object_component id="oc-7d">
         <name>.text:decompress:ZI:__TI_zero_init</name>
         <load_address>0xd88c</load_address>
         <run_address>0xd88c</run_address>
         <size>0x3e</size>
         <input_file_ref idref="fl-49"/>
      </object_component>
      <object_component id="oc-152">
         <name>.text:initGPIO</name>
         <load_address>0xd8ca</load_address>
         <run_address>0xd8ca</run_address>
         <size>0x3e</size>
         <input_file_ref idref="fl-4"/>
      </object_component>
      <object_component id="oc-42e">
         <name>.text:l_lsl_const</name>
         <load_address>0xd908</load_address>
         <run_address>0xd908</run_address>
         <size>0x3e</size>
         <input_file_ref idref="fl-7a"/>
      </object_component>
      <object_component id="oc-429">
         <name>.text:l_lsr_const</name>
         <load_address>0xd946</load_address>
         <run_address>0xd946</run_address>
         <size>0x3e</size>
         <input_file_ref idref="fl-7b"/>
      </object_component>
      <object_component id="oc-63">
         <name>.text:decompress:none:__TI_decompress_none</name>
         <load_address>0xd984</load_address>
         <run_address>0xd984</run_address>
         <size>0x3c</size>
         <input_file_ref idref="fl-47"/>
      </object_component>
      <object_component id="oc-3ba">
         <name>.text:minit</name>
         <load_address>0xd9c0</load_address>
         <run_address>0xd9c0</run_address>
         <size>0x38</size>
         <input_file_ref idref="fl-7d"/>
      </object_component>
      <object_component id="oc-1c3">
         <name>.text:GPIO_setAsPeripheralModuleFunctionInputPin</name>
         <load_address>0xd9f8</load_address>
         <run_address>0xd9f8</run_address>
         <size>0x34</size>
         <input_file_ref idref="fl-e"/>
      </object_component>
      <object_component id="oc-1c9">
         <name>.text:GPIO_setAsPeripheralModuleFunctionOutputPin</name>
         <load_address>0xda2c</load_address>
         <run_address>0xda2c</run_address>
         <size>0x34</size>
         <input_file_ref idref="fl-e"/>
      </object_component>
      <object_component id="oc-37d">
         <name>.text:__TI_cleanup</name>
         <load_address>0xda60</load_address>
         <run_address>0xda60</run_address>
         <size>0x32</size>
         <input_file_ref idref="fl-78"/>
      </object_component>
      <object_component id="oc-419">
         <name>.text:__TI_writemsg</name>
         <load_address>0xda92</load_address>
         <run_address>0xda92</run_address>
         <size>0x2e</size>
         <input_file_ref idref="fl-76"/>
      </object_component>
      <object_component id="oc-358">
         <name>.text:_getarg_diouxp</name>
         <load_address>0xdac0</load_address>
         <run_address>0xdac0</run_address>
         <size>0x2e</size>
         <input_file_ref idref="fl-6f"/>
      </object_component>
      <object_component id="oc-fd">
         <name>.text:exit</name>
         <load_address>0xdaee</load_address>
         <run_address>0xdaee</run_address>
         <size>0x2e</size>
         <input_file_ref idref="fl-4f"/>
      </object_component>
      <object_component id="oc-45f">
         <name>.text:finddevice</name>
         <load_address>0xdb1c</load_address>
         <run_address>0xdb1c</run_address>
         <size>0x2e</size>
         <input_file_ref idref="fl-6d"/>
      </object_component>
      <object_component id="oc-41f">
         <name>.text:__TI_readmsg</name>
         <load_address>0xdb4a</load_address>
         <run_address>0xdb4a</run_address>
         <size>0x2c</size>
         <input_file_ref idref="fl-76"/>
      </object_component>
      <object_component id="oc-459">
         <name>.text:strncpy</name>
         <load_address>0xdb76</load_address>
         <run_address>0xdb76</run_address>
         <size>0x2c</size>
         <input_file_ref idref="fl-74"/>
      </object_component>
      <object_component id="oc-40c">
         <name>.text:unlink</name>
         <load_address>0xdba2</load_address>
         <run_address>0xdba2</run_address>
         <size>0x2a</size>
         <input_file_ref idref="fl-6d"/>
      </object_component>
      <object_component id="oc-1ec">
         <name>.text:LCD_E_init</name>
         <load_address>0xdbcc</load_address>
         <run_address>0xdbcc</run_address>
         <size>0x28</size>
         <input_file_ref idref="fl-f"/>
      </object_component>
      <object_component id="oc-369">
         <name>.text:lseek</name>
         <load_address>0xdbf4</load_address>
         <run_address>0xdbf4</run_address>
         <size>0x26</size>
         <input_file_ref idref="fl-6d"/>
      </object_component>
      <object_component id="oc-302">
         <name>.text:write</name>
         <load_address>0xdc1a</load_address>
         <run_address>0xdc1a</run_address>
         <size>0x24</size>
         <input_file_ref idref="fl-6d"/>
      </object_component>
      <object_component id="oc-27c">
         <name>.text:setLCDFunction</name>
         <load_address>0xdc3e</load_address>
         <run_address>0xdc3e</run_address>
         <size>0x20</size>
         <input_file_ref idref="fl-f"/>
      </object_component>
      <object_component id="oc-16a">
         <name>.text:FRAMCtl_write16</name>
         <load_address>0xdc5e</load_address>
         <run_address>0xdc5e</run_address>
         <size>0x1e</size>
         <input_file_ref idref="fl-d"/>
      </object_component>
      <object_component id="oc-8f">
         <name>.text:_isr:_c_int00_noargs</name>
         <load_address>0xdc7c</load_address>
         <run_address>0xdc7c</run_address>
         <size>0x1c</size>
         <input_file_ref idref="fl-46"/>
      </object_component>
      <object_component id="oc-1bd">
         <name>.text:GPIO_setAsOutputPin</name>
         <load_address>0xdc98</load_address>
         <run_address>0xdc98</run_address>
         <size>0x1a</size>
         <input_file_ref idref="fl-e"/>
      </object_component>
      <object_component id="oc-3a4">
         <name>.text:_div</name>
         <load_address>0xdcb2</load_address>
         <run_address>0xdcb2</run_address>
         <size>0x1a</size>
         <input_file_ref idref="fl-6f"/>
      </object_component>
      <object_component id="oc-31b">
         <name>.text:memccpy</name>
         <load_address>0xdccc</load_address>
         <run_address>0xdccc</run_address>
         <size>0x1a</size>
         <input_file_ref idref="fl-7c"/>
      </object_component>
      <object_component id="oc-453">
         <name>.text:strchr</name>
         <load_address>0xdce6</load_address>
         <run_address>0xdce6</run_address>
         <size>0x1a</size>
         <input_file_ref idref="fl-71"/>
      </object_component>
      <object_component id="oc-14c">
         <name>.text:WDT_A_hold</name>
         <load_address>0xdd00</load_address>
         <run_address>0xdd00</run_address>
         <size>0x18</size>
         <input_file_ref idref="fl-16"/>
      </object_component>
      <object_component id="oc-470">
         <name>.text:strcmp</name>
         <load_address>0xdd18</load_address>
         <run_address>0xdd18</run_address>
         <size>0x18</size>
         <input_file_ref idref="fl-72"/>
      </object_component>
      <object_component id="oc-17d">
         <name>.text:GPIO_setOutputHighOnPin</name>
         <load_address>0xdd30</load_address>
         <run_address>0xdd30</run_address>
         <size>0x16</size>
         <input_file_ref idref="fl-e"/>
      </object_component>
      <object_component id="oc-183">
         <name>.text:GPIO_setOutputLowOnPin</name>
         <load_address>0xdd46</load_address>
         <run_address>0xdd46</run_address>
         <size>0x16</size>
         <input_file_ref idref="fl-e"/>
      </object_component>
      <object_component id="oc-3f9">
         <name>.text</name>
         <load_address>0xdd5c</load_address>
         <run_address>0xdd5c</run_address>
         <size>0x16</size>
         <input_file_ref idref="fl-4c"/>
      </object_component>
      <object_component id="oc-2f6">
         <name>.text:memchr</name>
         <load_address>0xdd72</load_address>
         <run_address>0xdd72</run_address>
         <size>0x14</size>
         <input_file_ref idref="fl-6e"/>
      </object_component>
      <object_component id="oc-30e">
         <name>.text:memset</name>
         <load_address>0xdd86</load_address>
         <run_address>0xdd86</run_address>
         <size>0x14</size>
         <input_file_ref idref="fl-7e"/>
      </object_component>
      <object_component id="oc-3aa">
         <name>.text</name>
         <load_address>0xdd9a</load_address>
         <run_address>0xdd9a</run_address>
         <size>0x14</size>
         <input_file_ref idref="fl-7f"/>
      </object_component>
      <object_component id="oc-158">
         <name>.text:FRAMCtl_configureWaitStateControl</name>
         <load_address>0xddae</load_address>
         <run_address>0xddae</run_address>
         <size>0x12</size>
         <input_file_ref idref="fl-d"/>
      </object_component>
      <object_component id="oc-222">
         <name>.text:LCD_E_setBlinkingControl</name>
         <load_address>0xddc0</load_address>
         <run_address>0xddc0</run_address>
         <size>0x12</size>
         <input_file_ref idref="fl-f"/>
      </object_component>
      <object_component id="oc-1f2">
         <name>.text:LCD_E_setVLCDSource</name>
         <load_address>0xddd2</load_address>
         <run_address>0xddd2</run_address>
         <size>0x12</size>
         <input_file_ref idref="fl-f"/>
      </object_component>
      <object_component id="oc-1e6">
         <name>.text:memcpy</name>
         <load_address>0xdde4</load_address>
         <run_address>0xdde4</run_address>
         <size>0x12</size>
         <input_file_ref idref="fl-62"/>
      </object_component>
      <object_component id="oc-435">
         <name>.text:strcpy</name>
         <load_address>0xddf6</load_address>
         <run_address>0xddf6</run_address>
         <size>0x10</size>
         <input_file_ref idref="fl-80"/>
      </object_component>
      <object_component id="oc-69">
         <name>.text:decompress:rle24:__TI_decompress_rle24</name>
         <load_address>0xde06</load_address>
         <run_address>0xde06</run_address>
         <size>0xe</size>
         <input_file_ref idref="fl-48"/>
      </object_component>
      <object_component id="oc-2ac">
         <name>.text:strlen</name>
         <load_address>0xde14</load_address>
         <run_address>0xde14</run_address>
         <size>0xe</size>
         <input_file_ref idref="fl-73"/>
      </object_component>
      <object_component id="oc-1d7">
         <name>.text:LCD_E_off</name>
         <load_address>0xde22</load_address>
         <run_address>0xde22</run_address>
         <size>0xc</size>
         <input_file_ref idref="fl-f"/>
      </object_component>
      <object_component id="oc-228">
         <name>.text:LCD_E_on</name>
         <load_address>0xde2e</load_address>
         <run_address>0xde2e</run_address>
         <size>0xc</size>
         <input_file_ref idref="fl-f"/>
      </object_component>
      <object_component id="oc-204">
         <name>.text:LCD_E_setChargePumpFreq</name>
         <load_address>0xde3a</load_address>
         <run_address>0xde3a</run_address>
         <size>0xc</size>
         <input_file_ref idref="fl-f"/>
      </object_component>
      <object_component id="oc-2d8">
         <name>.text:LCD_E_setMemory</name>
         <load_address>0xde46</load_address>
         <run_address>0xde46</run_address>
         <size>0xc</size>
         <input_file_ref idref="fl-f"/>
      </object_component>
      <object_component id="oc-1f8">
         <name>.text:LCD_E_setVLCDVoltage</name>
         <load_address>0xde52</load_address>
         <run_address>0xde52</run_address>
         <size>0xc</size>
         <input_file_ref idref="fl-f"/>
      </object_component>
      <object_component id="oc-21c">
         <name>.text:LCD_E_selectDisplayMemory</name>
         <load_address>0xde5e</load_address>
         <run_address>0xde5e</run_address>
         <size>0xa</size>
         <input_file_ref idref="fl-f"/>
      </object_component>
      <object_component id="oc-282">
         <name>.text</name>
         <load_address>0xde68</load_address>
         <run_address>0xde68</run_address>
         <size>0xa</size>
         <input_file_ref idref="fl-60"/>
      </object_component>
      <object_component id="oc-277">
         <name>.text</name>
         <load_address>0xde72</load_address>
         <run_address>0xde72</run_address>
         <size>0xa</size>
         <input_file_ref idref="fl-61"/>
      </object_component>
      <object_component id="oc-1fe">
         <name>.text:LCD_E_enableChargePump</name>
         <load_address>0xde7c</load_address>
         <run_address>0xde7c</run_address>
         <size>0x8</size>
         <input_file_ref idref="fl-f"/>
      </object_component>
      <object_component id="oc-210">
         <name>.text:LCD_E_clearAllBlinkingMemory</name>
         <load_address>0xde84</load_address>
         <run_address>0xde84</run_address>
         <size>0x6</size>
         <input_file_ref idref="fl-f"/>
      </object_component>
      <object_component id="oc-20a">
         <name>.text:LCD_E_clearAllMemory</name>
         <load_address>0xde8a</load_address>
         <run_address>0xde8a</run_address>
         <size>0x6</size>
         <input_file_ref idref="fl-f"/>
      </object_component>
      <object_component id="oc-1cf">
         <name>.text:PMM_unlockLPM5</name>
         <load_address>0xde90</load_address>
         <run_address>0xde90</run_address>
         <size>0x6</size>
         <input_file_ref idref="fl-10"/>
      </object_component>
      <object_component id="oc-df">
         <name>.text:_isr:__TI_ISR_TRAP</name>
         <load_address>0xde96</load_address>
         <run_address>0xde96</run_address>
         <size>0x6</size>
         <input_file_ref idref="fl-5e"/>
      </object_component>
      <object_component id="oc-243">
         <name>.text:_outc</name>
         <load_address>0xde9c</load_address>
         <run_address>0xde9c</run_address>
         <size>0x6</size>
         <input_file_ref idref="fl-66"/>
      </object_component>
      <object_component id="oc-23d">
         <name>.text:_outs</name>
         <load_address>0xdea2</load_address>
         <run_address>0xdea2</run_address>
         <size>0x4</size>
         <input_file_ref idref="fl-66"/>
      </object_component>
      <object_component id="oc-eb">
         <name>.text:_system_pre_init</name>
         <load_address>0xdea6</load_address>
         <run_address>0xdea6</run_address>
         <size>0x4</size>
         <input_file_ref idref="fl-65"/>
      </object_component>
      <object_component id="oc-113">
         <name>.text:abort</name>
         <load_address>0xdeaa</load_address>
         <run_address>0xdeaa</run_address>
         <size>0x4</size>
         <input_file_ref idref="fl-4f"/>
      </object_component>
      <object_component id="oc-1aa">
         <name>.text:_nop</name>
         <load_address>0xdeae</load_address>
         <run_address>0xdeae</run_address>
         <size>0x2</size>
         <input_file_ref idref="fl-5f"/>
      </object_component>
      <object_component id="oc-40b">
         <name>.common:__TI_tmpnams</name>
         <uninitialized>true</uninitialized>
         <run_address>0x238e</run_address>
         <size>0xa0</size>
      </object_component>
      <object_component id="oc-416">
         <name>.common:parmbuf</name>
         <uninitialized>true</uninitialized>
         <run_address>0x242e</run_address>
         <size>0x8</size>
      </object_component>
      <object_component id="oc-3b5">
         <name>.common:sys_free</name>
         <uninitialized>true</uninitialized>
         <run_address>0x243a</run_address>
         <size>0x2</size>
      </object_component>
      <object_component id="oc-403">
         <name>.common:sys_base</name>
         <uninitialized>true</uninitialized>
         <run_address>0x2438</run_address>
         <size>0x2</size>
      </object_component>
      <object_component id="oc-402">
         <name>.common:memsize</name>
         <uninitialized>true</uninitialized>
         <run_address>0x2436</run_address>
         <size>0x2</size>
      </object_component>
      <object_component id="oc-167">
         <name>.data</name>
         <load_address>0x2268</load_address>
         <run_address>0x2268</run_address>
         <size>0x2</size>
         <input_file_ref idref="fl-2"/>
      </object_component>
      <object_component id="oc-143">
         <name>.data:__TI_cleanup_ptr</name>
         <load_address>0x2258</load_address>
         <run_address>0x2258</run_address>
         <size>0x4</size>
         <input_file_ref idref="fl-45"/>
      </object_component>
      <object_component id="oc-140">
         <name>.data:__TI_dtors_ptr</name>
         <load_address>0x225c</load_address>
         <run_address>0x225c</run_address>
         <size>0x4</size>
         <input_file_ref idref="fl-45"/>
      </object_component>
      <object_component id="oc-13d">
         <name>.data:_lock</name>
         <load_address>0x2260</load_address>
         <run_address>0x2260</run_address>
         <size>0x4</size>
         <input_file_ref idref="fl-5f"/>
      </object_component>
      <object_component id="oc-146">
         <name>.data:_unlock</name>
         <load_address>0x2264</load_address>
         <run_address>0x2264</run_address>
         <size>0x4</size>
         <input_file_ref idref="fl-5f"/>
      </object_component>
      <object_component id="oc-23a">
         <name>.data:_ftable</name>
         <load_address>0x21b8</load_address>
         <run_address>0x21b8</run_address>
         <size>0x78</size>
         <input_file_ref idref="fl-69"/>
      </object_component>
      <object_component id="oc-3c7">
         <name>.data</name>
         <load_address>0x226a</load_address>
         <run_address>0x226a</run_address>
         <size>0x2</size>
         <input_file_ref idref="fl-69"/>
      </object_component>
      <object_component id="oc-390">
         <name>.data:_device</name>
         <load_address>0x2140</load_address>
         <run_address>0x2140</run_address>
         <size>0x78</size>
         <input_file_ref idref="fl-6d"/>
      </object_component>
      <object_component id="oc-34b">
         <name>.data:_stream</name>
         <load_address>0x2230</load_address>
         <run_address>0x2230</run_address>
         <size>0x28</size>
         <input_file_ref idref="fl-6d"/>
      </object_component>
      <object_component id="oc-3b7">
         <name>.data</name>
         <load_address>0x226c</load_address>
         <run_address>0x226c</run_address>
         <size>0x2</size>
         <input_file_ref idref="fl-7d"/>
      </object_component>
      <object_component id="oc-449">
         <name>.cio</name>
         <uninitialized>true</uninitialized>
         <run_address>0x226e</run_address>
         <size>0x120</size>
         <input_file_ref idref="fl-76"/>
      </object_component>
      <object_component id="oc-c3">
         <name>.sysmem</name>
         <uninitialized>true</uninitialized>
         <run_address>0x2000</run_address>
         <size>0x4</size>
         <input_file_ref idref="fl-7d"/>
      </object_component>
      <object_component id="oc-4e3">
         <name>.sysmem</name>
         <uninitialized>true</uninitialized>
         <run_address>0x2000</run_address>
         <size>0x0</size>
      </object_component>
      <object_component id="oc-bf">
         <name>.stack</name>
         <uninitialized>true</uninitialized>
         <run_address>0x2760</run_address>
         <size>0x2</size>
         <input_file_ref idref="fl-45"/>
      </object_component>
      <object_component id="oc-4e2">
         <name>.stack</name>
         <uninitialized>true</uninitialized>
         <run_address>0x2760</run_address>
         <size>0x0</size>
      </object_component>
      <object_component id="oc-6f">
         <name>.int45</name>
         <load_address>0xffe2</load_address>
         <run_address>0xffe2</run_address>
         <size>0x2</size>
         <input_file_ref idref="fl-50"/>
      </object_component>
      <object_component id="oc-70">
         <name>.int46</name>
         <load_address>0xffe4</load_address>
         <run_address>0xffe4</run_address>
         <size>0x2</size>
         <input_file_ref idref="fl-51"/>
      </object_component>
      <object_component id="oc-71">
         <name>.int47</name>
         <load_address>0xffe6</load_address>
         <run_address>0xffe6</run_address>
         <size>0x2</size>
         <input_file_ref idref="fl-52"/>
      </object_component>
      <object_component id="oc-72">
         <name>.int48</name>
         <load_address>0xffe8</load_address>
         <run_address>0xffe8</run_address>
         <size>0x2</size>
         <input_file_ref idref="fl-53"/>
      </object_component>
      <object_component id="oc-73">
         <name>.int49</name>
         <load_address>0xffea</load_address>
         <run_address>0xffea</run_address>
         <size>0x2</size>
         <input_file_ref idref="fl-54"/>
      </object_component>
      <object_component id="oc-74">
         <name>.int50</name>
         <load_address>0xffec</load_address>
         <run_address>0xffec</run_address>
         <size>0x2</size>
         <input_file_ref idref="fl-55"/>
      </object_component>
      <object_component id="oc-75">
         <name>.int51</name>
         <load_address>0xffee</load_address>
         <run_address>0xffee</run_address>
         <size>0x2</size>
         <input_file_ref idref="fl-56"/>
      </object_component>
      <object_component id="oc-76">
         <name>.int52</name>
         <load_address>0xfff0</load_address>
         <run_address>0xfff0</run_address>
         <size>0x2</size>
         <input_file_ref idref="fl-57"/>
      </object_component>
      <object_component id="oc-77">
         <name>.int53</name>
         <load_address>0xfff2</load_address>
         <run_address>0xfff2</run_address>
         <size>0x2</size>
         <input_file_ref idref="fl-58"/>
      </object_component>
      <object_component id="oc-78">
         <name>.int54</name>
         <load_address>0xfff4</load_address>
         <run_address>0xfff4</run_address>
         <size>0x2</size>
         <input_file_ref idref="fl-59"/>
      </object_component>
      <object_component id="oc-79">
         <name>.int55</name>
         <load_address>0xfff6</load_address>
         <run_address>0xfff6</run_address>
         <size>0x2</size>
         <input_file_ref idref="fl-5a"/>
      </object_component>
      <object_component id="oc-7a">
         <name>.int56</name>
         <load_address>0xfff8</load_address>
         <run_address>0xfff8</run_address>
         <size>0x2</size>
         <input_file_ref idref="fl-5b"/>
      </object_component>
      <object_component id="oc-7b">
         <name>.int57</name>
         <load_address>0xfffa</load_address>
         <run_address>0xfffa</run_address>
         <size>0x2</size>
         <input_file_ref idref="fl-5c"/>
      </object_component>
      <object_component id="oc-7c">
         <name>.int58</name>
         <load_address>0xfffc</load_address>
         <run_address>0xfffc</run_address>
         <size>0x2</size>
         <input_file_ref idref="fl-5d"/>
      </object_component>
      <object_component id="oc-c2">
         <name>.reset</name>
         <load_address>0xfffe</load_address>
         <run_address>0xfffe</run_address>
         <size>0x2</size>
         <input_file_ref idref="fl-45"/>
      </object_component>
      <object_component id="oc-32f">
         <name>.debug_info</name>
         <load_address>0x0</load_address>
         <run_address>0x0</run_address>
         <size>0x33a</size>
         <input_file_ref idref="fl-2"/>
      </object_component>
      <object_component id="oc-165">
         <name>.debug_info</name>
         <load_address>0x33a</load_address>
         <run_address>0x33a</run_address>
         <size>0xca</size>
         <input_file_ref idref="fl-2"/>
      </object_component>
      <object_component id="oc-168">
         <name>.debug_info</name>
         <load_address>0x404</load_address>
         <run_address>0x404</run_address>
         <size>0xc8</size>
         <input_file_ref idref="fl-2"/>
      </object_component>
      <object_component id="oc-10c">
         <name>.debug_info</name>
         <load_address>0x4cc</load_address>
         <run_address>0x4cc</run_address>
         <size>0x1c6</size>
         <input_file_ref idref="fl-2"/>
      </object_component>
      <object_component id="oc-22f">
         <name>.debug_info</name>
         <load_address>0x692</load_address>
         <run_address>0x692</run_address>
         <size>0x9e</size>
         <input_file_ref idref="fl-2"/>
      </object_component>
      <object_component id="oc-25d">
         <name>.debug_info</name>
         <load_address>0x730</load_address>
         <run_address>0x730</run_address>
         <size>0x8b</size>
         <input_file_ref idref="fl-2"/>
      </object_component>
      <object_component id="oc-18a">
         <name>.debug_info</name>
         <load_address>0x7bb</load_address>
         <run_address>0x7bb</run_address>
         <size>0x18b</size>
         <input_file_ref idref="fl-2"/>
      </object_component>
      <object_component id="oc-2c0">
         <name>.debug_info</name>
         <load_address>0x946</load_address>
         <run_address>0x946</run_address>
         <size>0x2c</size>
         <input_file_ref idref="fl-2"/>
      </object_component>
      <object_component id="oc-153">
         <name>.debug_info</name>
         <load_address>0x972</load_address>
         <run_address>0x972</run_address>
         <size>0x1e5</size>
         <input_file_ref idref="fl-4"/>
      </object_component>
      <object_component id="oc-262">
         <name>.debug_info</name>
         <load_address>0xb57</load_address>
         <run_address>0xb57</run_address>
         <size>0x520</size>
         <input_file_ref idref="fl-5"/>
      </object_component>
      <object_component id="oc-2d3">
         <name>.debug_info</name>
         <load_address>0x1077</load_address>
         <run_address>0x1077</run_address>
         <size>0xd0</size>
         <input_file_ref idref="fl-5"/>
      </object_component>
      <object_component id="oc-2df">
         <name>.debug_info</name>
         <load_address>0x1147</load_address>
         <run_address>0x1147</run_address>
         <size>0xca</size>
         <input_file_ref idref="fl-5"/>
      </object_component>
      <object_component id="oc-2d6">
         <name>.debug_info</name>
         <load_address>0x1211</load_address>
         <run_address>0x1211</run_address>
         <size>0xd6</size>
         <input_file_ref idref="fl-5"/>
      </object_component>
      <object_component id="oc-15f">
         <name>.debug_info</name>
         <load_address>0x12e7</load_address>
         <run_address>0x12e7</run_address>
         <size>0x2e8</size>
         <input_file_ref idref="fl-5"/>
      </object_component>
      <object_component id="oc-257">
         <name>.debug_info</name>
         <load_address>0x15cf</load_address>
         <run_address>0x15cf</run_address>
         <size>0x1fc</size>
         <input_file_ref idref="fl-5"/>
      </object_component>
      <object_component id="oc-178">
         <name>.debug_info</name>
         <load_address>0x17cb</load_address>
         <run_address>0x17cb</run_address>
         <size>0x314</size>
         <input_file_ref idref="fl-5"/>
      </object_component>
      <object_component id="oc-192">
         <name>.debug_info</name>
         <load_address>0x1adf</load_address>
         <run_address>0x1adf</run_address>
         <size>0x2c</size>
         <input_file_ref idref="fl-5"/>
      </object_component>
      <object_component id="oc-121">
         <name>.debug_info</name>
         <load_address>0x1b0b</load_address>
         <run_address>0x1b0b</run_address>
         <size>0x84</size>
         <input_file_ref idref="fl-7"/>
      </object_component>
      <object_component id="oc-239">
         <name>.debug_info</name>
         <load_address>0x1b8f</load_address>
         <run_address>0x1b8f</run_address>
         <size>0x15d</size>
         <input_file_ref idref="fl-d"/>
      </object_component>
      <object_component id="oc-16b">
         <name>.debug_info</name>
         <load_address>0x1cec</load_address>
         <run_address>0x1cec</run_address>
         <size>0x213</size>
         <input_file_ref idref="fl-d"/>
      </object_component>
      <object_component id="oc-159">
         <name>.debug_info</name>
         <load_address>0x1eff</load_address>
         <run_address>0x1eff</run_address>
         <size>0x1b8</size>
         <input_file_ref idref="fl-d"/>
      </object_component>
      <object_component id="oc-2e6">
         <name>.debug_info</name>
         <load_address>0x20b7</load_address>
         <run_address>0x20b7</run_address>
         <size>0x15b</size>
         <input_file_ref idref="fl-e"/>
      </object_component>
      <object_component id="oc-264">
         <name>.debug_info</name>
         <load_address>0x2212</load_address>
         <run_address>0x2212</run_address>
         <size>0xfa</size>
         <input_file_ref idref="fl-e"/>
      </object_component>
      <object_component id="oc-1be">
         <name>.debug_info</name>
         <load_address>0x230c</load_address>
         <run_address>0x230c</run_address>
         <size>0x200</size>
         <input_file_ref idref="fl-e"/>
      </object_component>
      <object_component id="oc-1ca">
         <name>.debug_info</name>
         <load_address>0x250c</load_address>
         <run_address>0x250c</run_address>
         <size>0x252</size>
         <input_file_ref idref="fl-e"/>
      </object_component>
      <object_component id="oc-1c4">
         <name>.debug_info</name>
         <load_address>0x275e</load_address>
         <run_address>0x275e</run_address>
         <size>0x251</size>
         <input_file_ref idref="fl-e"/>
      </object_component>
      <object_component id="oc-17e">
         <name>.debug_info</name>
         <load_address>0x29af</load_address>
         <run_address>0x29af</run_address>
         <size>0x20b</size>
         <input_file_ref idref="fl-e"/>
      </object_component>
      <object_component id="oc-184">
         <name>.debug_info</name>
         <load_address>0x2bba</load_address>
         <run_address>0x2bba</run_address>
         <size>0x209</size>
         <input_file_ref idref="fl-e"/>
      </object_component>
      <object_component id="oc-28a">
         <name>.debug_info</name>
         <load_address>0x2dc3</load_address>
         <run_address>0x2dc3</run_address>
         <size>0x154</size>
         <input_file_ref idref="fl-f"/>
      </object_component>
      <object_component id="oc-1e4">
         <name>.debug_info</name>
         <load_address>0x2f17</load_address>
         <run_address>0x2f17</run_address>
         <size>0xfa</size>
         <input_file_ref idref="fl-f"/>
      </object_component>
      <object_component id="oc-27d">
         <name>.debug_info</name>
         <load_address>0x3011</load_address>
         <run_address>0x3011</run_address>
         <size>0x1df</size>
         <input_file_ref idref="fl-f"/>
      </object_component>
      <object_component id="oc-1ed">
         <name>.debug_info</name>
         <load_address>0x31f0</load_address>
         <run_address>0x31f0</run_address>
         <size>0x1c6</size>
         <input_file_ref idref="fl-f"/>
      </object_component>
      <object_component id="oc-229">
         <name>.debug_info</name>
         <load_address>0x33b6</load_address>
         <run_address>0x33b6</run_address>
         <size>0x188</size>
         <input_file_ref idref="fl-f"/>
      </object_component>
      <object_component id="oc-1d8">
         <name>.debug_info</name>
         <load_address>0x353e</load_address>
         <run_address>0x353e</run_address>
         <size>0x18a</size>
         <input_file_ref idref="fl-f"/>
      </object_component>
      <object_component id="oc-20b">
         <name>.debug_info</name>
         <load_address>0x36c8</load_address>
         <run_address>0x36c8</run_address>
         <size>0x1a0</size>
         <input_file_ref idref="fl-f"/>
      </object_component>
      <object_component id="oc-211">
         <name>.debug_info</name>
         <load_address>0x3868</load_address>
         <run_address>0x3868</run_address>
         <size>0x1b0</size>
         <input_file_ref idref="fl-f"/>
      </object_component>
      <object_component id="oc-21d">
         <name>.debug_info</name>
         <load_address>0x3a18</load_address>
         <run_address>0x3a18</run_address>
         <size>0x1f0</size>
         <input_file_ref idref="fl-f"/>
      </object_component>
      <object_component id="oc-223">
         <name>.debug_info</name>
         <load_address>0x3c08</load_address>
         <run_address>0x3c08</run_address>
         <size>0x1de</size>
         <input_file_ref idref="fl-f"/>
      </object_component>
      <object_component id="oc-1ff">
         <name>.debug_info</name>
         <load_address>0x3de6</load_address>
         <run_address>0x3de6</run_address>
         <size>0x1a4</size>
         <input_file_ref idref="fl-f"/>
      </object_component>
      <object_component id="oc-205">
         <name>.debug_info</name>
         <load_address>0x3f8a</load_address>
         <run_address>0x3f8a</run_address>
         <size>0x1c8</size>
         <input_file_ref idref="fl-f"/>
      </object_component>
      <object_component id="oc-1f3">
         <name>.debug_info</name>
         <load_address>0x4152</load_address>
         <run_address>0x4152</run_address>
         <size>0x1d4</size>
         <input_file_ref idref="fl-f"/>
      </object_component>
      <object_component id="oc-1f9">
         <name>.debug_info</name>
         <load_address>0x4326</load_address>
         <run_address>0x4326</run_address>
         <size>0x1cf</size>
         <input_file_ref idref="fl-f"/>
      </object_component>
      <object_component id="oc-1de">
         <name>.debug_info</name>
         <load_address>0x44f5</load_address>
         <run_address>0x44f5</run_address>
         <size>0x327</size>
         <input_file_ref idref="fl-f"/>
      </object_component>
      <object_component id="oc-217">
         <name>.debug_info</name>
         <load_address>0x481c</load_address>
         <run_address>0x481c</run_address>
         <size>0x222</size>
         <input_file_ref idref="fl-f"/>
      </object_component>
      <object_component id="oc-2d9">
         <name>.debug_info</name>
         <load_address>0x4a3e</load_address>
         <run_address>0x4a3e</run_address>
         <size>0x1e5</size>
         <input_file_ref idref="fl-f"/>
      </object_component>
      <object_component id="oc-1d0">
         <name>.debug_info</name>
         <load_address>0x4c23</load_address>
         <run_address>0x4c23</run_address>
         <size>0x150</size>
         <input_file_ref idref="fl-10"/>
      </object_component>
      <object_component id="oc-14d">
         <name>.debug_info</name>
         <load_address>0x4d73</load_address>
         <run_address>0x4d73</run_address>
         <size>0x1ad</size>
         <input_file_ref idref="fl-16"/>
      </object_component>
      <object_component id="oc-1b5">
         <name>.debug_info</name>
         <load_address>0x4f20</load_address>
         <run_address>0x4f20</run_address>
         <size>0x1c9</size>
         <input_file_ref idref="fl-45"/>
      </object_component>
      <object_component id="oc-144">
         <name>.debug_info</name>
         <load_address>0x50e9</load_address>
         <run_address>0x50e9</run_address>
         <size>0xec</size>
         <input_file_ref idref="fl-45"/>
      </object_component>
      <object_component id="oc-141">
         <name>.debug_info</name>
         <load_address>0x51d5</load_address>
         <run_address>0x51d5</run_address>
         <size>0xe8</size>
         <input_file_ref idref="fl-45"/>
      </object_component>
      <object_component id="oc-c0">
         <name>.debug_info</name>
         <load_address>0x52bd</load_address>
         <run_address>0x52bd</run_address>
         <size>0xd8</size>
         <input_file_ref idref="fl-45"/>
      </object_component>
      <object_component id="oc-92">
         <name>.debug_info</name>
         <load_address>0x5395</load_address>
         <run_address>0x5395</run_address>
         <size>0x16a</size>
         <input_file_ref idref="fl-46"/>
      </object_component>
      <object_component id="oc-d1">
         <name>.debug_info</name>
         <load_address>0x54ff</load_address>
         <run_address>0x54ff</run_address>
         <size>0x1b2</size>
         <input_file_ref idref="fl-47"/>
      </object_component>
      <object_component id="oc-64">
         <name>.debug_info</name>
         <load_address>0x56b1</load_address>
         <run_address>0x56b1</run_address>
         <size>0x1e2</size>
         <input_file_ref idref="fl-47"/>
      </object_component>
      <object_component id="oc-cc">
         <name>.debug_info</name>
         <load_address>0x5893</load_address>
         <run_address>0x5893</run_address>
         <size>0x46</size>
         <input_file_ref idref="fl-47"/>
      </object_component>
      <object_component id="oc-d9">
         <name>.debug_info</name>
         <load_address>0x58d9</load_address>
         <run_address>0x58d9</run_address>
         <size>0x1b7</size>
         <input_file_ref idref="fl-48"/>
      </object_component>
      <object_component id="oc-d3">
         <name>.debug_info</name>
         <load_address>0x5a90</load_address>
         <run_address>0x5a90</run_address>
         <size>0x2a3</size>
         <input_file_ref idref="fl-48"/>
      </object_component>
      <object_component id="oc-6a">
         <name>.debug_info</name>
         <load_address>0x5d33</load_address>
         <run_address>0x5d33</run_address>
         <size>0x1d5</size>
         <input_file_ref idref="fl-48"/>
      </object_component>
      <object_component id="oc-da">
         <name>.debug_info</name>
         <load_address>0x5f08</load_address>
         <run_address>0x5f08</run_address>
         <size>0x39</size>
         <input_file_ref idref="fl-48"/>
      </object_component>
      <object_component id="oc-ea">
         <name>.debug_info</name>
         <load_address>0x5f41</load_address>
         <run_address>0x5f41</run_address>
         <size>0x1ad</size>
         <input_file_ref idref="fl-49"/>
      </object_component>
      <object_component id="oc-7e">
         <name>.debug_info</name>
         <load_address>0x60ee</load_address>
         <run_address>0x60ee</run_address>
         <size>0x1b1</size>
         <input_file_ref idref="fl-49"/>
      </object_component>
      <object_component id="oc-e5">
         <name>.debug_info</name>
         <load_address>0x629f</load_address>
         <run_address>0x629f</run_address>
         <size>0x46</size>
         <input_file_ref idref="fl-49"/>
      </object_component>
      <object_component id="oc-c7">
         <name>.debug_info</name>
         <load_address>0x62e5</load_address>
         <run_address>0x62e5</run_address>
         <size>0xfb</size>
         <input_file_ref idref="fl-4a"/>
      </object_component>
      <object_component id="oc-3fa">
         <name>.debug_info</name>
         <load_address>0x63e0</load_address>
         <run_address>0x63e0</run_address>
         <size>0x102</size>
         <input_file_ref idref="fl-4c"/>
      </object_component>
      <object_component id="oc-252">
         <name>.debug_info</name>
         <load_address>0x64e2</load_address>
         <run_address>0x64e2</run_address>
         <size>0x104</size>
         <input_file_ref idref="fl-4e"/>
      </object_component>
      <object_component id="oc-14a">
         <name>.debug_info</name>
         <load_address>0x65e6</load_address>
         <run_address>0x65e6</run_address>
         <size>0x1d8</size>
         <input_file_ref idref="fl-4f"/>
      </object_component>
      <object_component id="oc-114">
         <name>.debug_info</name>
         <load_address>0x67be</load_address>
         <run_address>0x67be</run_address>
         <size>0xfa</size>
         <input_file_ref idref="fl-4f"/>
      </object_component>
      <object_component id="oc-fe">
         <name>.debug_info</name>
         <load_address>0x68b8</load_address>
         <run_address>0x68b8</run_address>
         <size>0x155</size>
         <input_file_ref idref="fl-4f"/>
      </object_component>
      <object_component id="oc-e2">
         <name>.debug_info</name>
         <load_address>0x6a0d</load_address>
         <run_address>0x6a0d</run_address>
         <size>0xf0</size>
         <input_file_ref idref="fl-5e"/>
      </object_component>
      <object_component id="oc-1b2">
         <name>.debug_info</name>
         <load_address>0x6afd</load_address>
         <run_address>0x6afd</run_address>
         <size>0x13b</size>
         <input_file_ref idref="fl-5f"/>
      </object_component>
      <object_component id="oc-13e">
         <name>.debug_info</name>
         <load_address>0x6c38</load_address>
         <run_address>0x6c38</run_address>
         <size>0xd7</size>
         <input_file_ref idref="fl-5f"/>
      </object_component>
      <object_component id="oc-147">
         <name>.debug_info</name>
         <load_address>0x6d0f</load_address>
         <run_address>0x6d0f</run_address>
         <size>0xdb</size>
         <input_file_ref idref="fl-5f"/>
      </object_component>
      <object_component id="oc-1ae">
         <name>.debug_info</name>
         <load_address>0x6dea</load_address>
         <run_address>0x6dea</run_address>
         <size>0x106</size>
         <input_file_ref idref="fl-5f"/>
      </object_component>
      <object_component id="oc-285">
         <name>.debug_info</name>
         <load_address>0x6ef0</load_address>
         <run_address>0x6ef0</run_address>
         <size>0x101</size>
         <input_file_ref idref="fl-60"/>
      </object_component>
      <object_component id="oc-27a">
         <name>.debug_info</name>
         <load_address>0x6ff1</load_address>
         <run_address>0x6ff1</run_address>
         <size>0x101</size>
         <input_file_ref idref="fl-61"/>
      </object_component>
      <object_component id="oc-28c">
         <name>.debug_info</name>
         <load_address>0x70f2</load_address>
         <run_address>0x70f2</run_address>
         <size>0x155</size>
         <input_file_ref idref="fl-62"/>
      </object_component>
      <object_component id="oc-1ea">
         <name>.debug_info</name>
         <load_address>0x7247</load_address>
         <run_address>0x7247</run_address>
         <size>0x185</size>
         <input_file_ref idref="fl-62"/>
      </object_component>
      <object_component id="oc-ec">
         <name>.debug_info</name>
         <load_address>0x73cc</load_address>
         <run_address>0x73cc</run_address>
         <size>0x12b</size>
         <input_file_ref idref="fl-65"/>
      </object_component>
      <object_component id="oc-250">
         <name>.debug_info</name>
         <load_address>0x74f7</load_address>
         <run_address>0x74f7</run_address>
         <size>0x289</size>
         <input_file_ref idref="fl-66"/>
      </object_component>
      <object_component id="oc-247">
         <name>.debug_info</name>
         <load_address>0x7780</load_address>
         <run_address>0x7780</run_address>
         <size>0x149</size>
         <input_file_ref idref="fl-66"/>
      </object_component>
      <object_component id="oc-241">
         <name>.debug_info</name>
         <load_address>0x78c9</load_address>
         <run_address>0x78c9</run_address>
         <size>0x158</size>
         <input_file_ref idref="fl-66"/>
      </object_component>
      <object_component id="oc-174">
         <name>.debug_info</name>
         <load_address>0x7a21</load_address>
         <run_address>0x7a21</run_address>
         <size>0x15c</size>
         <input_file_ref idref="fl-66"/>
      </object_component>
      <object_component id="oc-2cc">
         <name>.debug_info</name>
         <load_address>0x7b7d</load_address>
         <run_address>0x7b7d</run_address>
         <size>0xae</size>
         <input_file_ref idref="fl-66"/>
      </object_component>
      <object_component id="oc-135">
         <name>.debug_info</name>
         <load_address>0x7c2b</load_address>
         <run_address>0x7c2b</run_address>
         <size>0x31e</size>
         <input_file_ref idref="fl-68"/>
      </object_component>
      <object_component id="oc-f5">
         <name>.debug_info</name>
         <load_address>0x7f49</load_address>
         <run_address>0x7f49</run_address>
         <size>0x1de</size>
         <input_file_ref idref="fl-68"/>
      </object_component>
      <object_component id="oc-19e">
         <name>.debug_info</name>
         <load_address>0x8127</load_address>
         <run_address>0x8127</run_address>
         <size>0x39</size>
         <input_file_ref idref="fl-68"/>
      </object_component>
      <object_component id="oc-136">
         <name>.debug_info</name>
         <load_address>0x8160</load_address>
         <run_address>0x8160</run_address>
         <size>0x2c</size>
         <input_file_ref idref="fl-68"/>
      </object_component>
      <object_component id="oc-29c">
         <name>.debug_info</name>
         <load_address>0x818c</load_address>
         <run_address>0x818c</run_address>
         <size>0x116</size>
         <input_file_ref idref="fl-69"/>
      </object_component>
      <object_component id="oc-23b">
         <name>.debug_info</name>
         <load_address>0x82a2</load_address>
         <run_address>0x82a2</run_address>
         <size>0xda</size>
         <input_file_ref idref="fl-69"/>
      </object_component>
      <object_component id="oc-3c8">
         <name>.debug_info</name>
         <load_address>0x837c</load_address>
         <run_address>0x837c</run_address>
         <size>0xe2</size>
         <input_file_ref idref="fl-69"/>
      </object_component>
      <object_component id="oc-30b">
         <name>.debug_info</name>
         <load_address>0x845e</load_address>
         <run_address>0x845e</run_address>
         <size>0x233</size>
         <input_file_ref idref="fl-6a"/>
      </object_component>
      <object_component id="oc-2a9">
         <name>.debug_info</name>
         <load_address>0x8691</load_address>
         <run_address>0x8691</run_address>
         <size>0x1a8</size>
         <input_file_ref idref="fl-6a"/>
      </object_component>
      <object_component id="oc-309">
         <name>.debug_info</name>
         <load_address>0x8839</load_address>
         <run_address>0x8839</run_address>
         <size>0x2f7</size>
         <input_file_ref idref="fl-6b"/>
      </object_component>
      <object_component id="oc-2a1">
         <name>.debug_info</name>
         <load_address>0x8b30</load_address>
         <run_address>0x8b30</run_address>
         <size>0x29f</size>
         <input_file_ref idref="fl-6b"/>
      </object_component>
      <object_component id="oc-346">
         <name>.debug_info</name>
         <load_address>0x8dcf</load_address>
         <run_address>0x8dcf</run_address>
         <size>0x1a5</size>
         <input_file_ref idref="fl-6c"/>
      </object_component>
      <object_component id="oc-2f3">
         <name>.debug_info</name>
         <load_address>0x8f74</load_address>
         <run_address>0x8f74</run_address>
         <size>0x16e</size>
         <input_file_ref idref="fl-6c"/>
      </object_component>
      <object_component id="oc-385">
         <name>.debug_info</name>
         <load_address>0x90e2</load_address>
         <run_address>0x90e2</run_address>
         <size>0xbb</size>
         <input_file_ref idref="fl-6c"/>
      </object_component>
      <object_component id="oc-34f">
         <name>.debug_info</name>
         <load_address>0x919d</load_address>
         <run_address>0x919d</run_address>
         <size>0x47d</size>
         <input_file_ref idref="fl-6d"/>
      </object_component>
      <object_component id="oc-391">
         <name>.debug_info</name>
         <load_address>0x961a</load_address>
         <run_address>0x961a</run_address>
         <size>0xdb</size>
         <input_file_ref idref="fl-6d"/>
      </object_component>
      <object_component id="oc-34c">
         <name>.debug_info</name>
         <load_address>0x96f5</load_address>
         <run_address>0x96f5</run_address>
         <size>0xdb</size>
         <input_file_ref idref="fl-6d"/>
      </object_component>
      <object_component id="oc-305">
         <name>.debug_info</name>
[...]
      </symbol>
      <symbol id="sm-3b9">
         <name>LCD_E_selectDisplayMemory</name>
         <value>0xde5e</value>
         <object_component_ref idref="oc-21c"/>
      </symbol>
      <symbol id="sm-3ba">
         <name>LCD_E_setChargePumpFreq</name>
         <value>0xde3a</value>
         <object_component_ref idref="oc-204"/>
      </symbol>
      <symbol id="sm-3bb">
         <name>LCD_E_init</name>
         <value>0xdbcc</value>
         <object_component_ref idref="oc-1ec"/>
      </symbol>
      <symbol id="sm-3bc">
         <name>LCD_E_enableChargePump</name>
         <value>0xde7c</value>
         <object_component_ref idref="oc-1fe"/>
      </symbol>
      <symbol id="sm-3bd">
         <name>LCD_E_setMemory</name>
         <value>0xde46</value>
         <object_component_ref idref="oc-2d8"/>
      </symbol>
      <symbol id="sm-3be">
         <name>LCD_E_setBlinkingControl</name>
         <value>0xddc0</value>
         <object_component_ref idref="oc-222"/>
      </symbol>
      <symbol id="sm-3bf">
         <name>LCD_E_off</name>
         <value>0xde22</value>
         <object_component_ref idref="oc-1d7"/>
      </symbol>
      <symbol id="sm-3c0">
         <name>LCD_E_setVLCDVoltage</name>
         <value>0xde52</value>
         <object_component_ref idref="oc-1f8"/>
      </symbol>
      <symbol id="sm-3c1">
         <name>LCD_E_clearAllBlinkingMemory</name>
         <value>0xde84</value>
         <object_component_ref idref="oc-210"/>
      </symbol>
      <symbol id="sm-3c2">
         <name>LCD_E_INIT_PARAM</name>
         <value>0xc61a</value>
         <object_component_ref idref="oc-1e3"/>
      </symbol>
      <symbol id="sm-3c3">
         <name>LCD_E_setPinAsLCDFunctionEx</name>
         <value>0xd104</value>
         <object_component_ref idref="oc-1dd"/>
      </symbol>
      <symbol id="sm-3cc">
         <name>PMM_unlockLPM5</name>
         <value>0xde90</value>
         <object_component_ref idref="oc-1cf"/>
      </symbol>
      <symbol id="sm-3da">
         <name>WDT_A_hold</name>
         <value>0xdd00</value>
         <object_component_ref idref="oc-14c"/>
      </symbol>
      <symbol id="sm-3f0">
         <name>_stack</name>
         <value>0x2760</value>
         <object_component_ref idref="oc-bf"/>
      </symbol>
      <symbol id="sm-3f1">
         <name>__TI_dtors_ptr</name>
         <value>0x225c</value>
         <object_component_ref idref="oc-140"/>
      </symbol>
      <symbol id="sm-3f2">
         <name>__TI_cleanup_ptr</name>
         <value>0x2258</value>
         <object_component_ref idref="oc-143"/>
      </symbol>
      <symbol id="sm-3f3">
         <name>_reset_vector</name>
         <value>0xfffe</value>
         <object_component_ref idref="oc-c2"/>
      </symbol>
      <symbol id="sm-3fe">
         <name>_c_int00_noargs</name>
         <value>0xdc7c</value>
         <object_component_ref idref="oc-8f"/>
      </symbol>
      <symbol id="sm-40f">
         <name>__TI_decompress_none</name>
         <value>0xd984</value>
         <object_component_ref idref="oc-63"/>
      </symbol>
      <symbol id="sm-433">
         <name>__TI_decompress_rle24</name>
         <value>0xde06</value>
         <object_component_ref idref="oc-69"/>
      </symbol>
      <symbol id="sm-446">
         <name>__TI_zero_init</name>
         <value>0xd88c</value>
         <object_component_ref idref="oc-7d"/>
      </symbol>
      <symbol id="sm-451">
         <name>__memcpy_far</name>
         <value>0xd7cc</value>
         <object_component_ref idref="oc-c6"/>
      </symbol>
      <symbol id="sm-45c">
         <name>__mspabi_remu</name>
         <value>0xdd5c</value>
         <object_component_ref idref="oc-3f9"/>
      </symbol>
      <symbol id="sm-45d">
         <name>__mspabi_divu</name>
         <value>0xdd5c</value>
         <object_component_ref idref="oc-3f9"/>
      </symbol>
      <symbol id="sm-46e">
         <name>__mspabi_remul</name>
         <value>0xd5b2</value>
         <object_component_ref idref="oc-251"/>
      </symbol>
      <symbol id="sm-46f">
         <name>__mspabi_divul</name>
         <value>0xd5b2</value>
         <object_component_ref idref="oc-251"/>
      </symbol>
      <symbol id="sm-486">
         <name>C$$EXIT</name>
         <value>0xdeaa</value>
         <object_component_ref idref="oc-113"/>
      </symbol>
      <symbol id="sm-487">
         <name>abort</name>
         <value>0xdeaa</value>
         <object_component_ref idref="oc-113"/>
      </symbol>
      <symbol id="sm-488">
         <name>exit</name>
         <value>0xdaee</value>
         <object_component_ref idref="oc-fd"/>
      </symbol>
      <symbol id="sm-48b">
         <name>__TI_int45</name>
         <value>0xffe2</value>
         <object_component_ref idref="oc-6f"/>
      </symbol>
      <symbol id="sm-48e">
         <name>__TI_int46</name>
         <value>0xffe4</value>
         <object_component_ref idref="oc-70"/>
      </symbol>
      <symbol id="sm-491">
         <name>__TI_int47</name>
         <value>0xffe6</value>
         <object_component_ref idref="oc-71"/>
      </symbol>
      <symbol id="sm-494">
         <name>__TI_int48</name>
         <value>0xffe8</value>
         <object_component_ref idref="oc-72"/>
      </symbol>
      <symbol id="sm-497">
         <name>__TI_int49</name>
         <value>0xffea</value>
         <object_component_ref idref="oc-73"/>
      </symbol>
      <symbol id="sm-49a">
         <name>__TI_int50</name>
         <value>0xffec</value>
         <object_component_ref idref="oc-74"/>
      </symbol>
      <symbol id="sm-49d">
         <name>__TI_int51</name>
         <value>0xffee</value>
         <object_component_ref idref="oc-75"/>
      </symbol>
      <symbol id="sm-4a0">
         <name>__TI_int52</name>
         <value>0xfff0</value>
         <object_component_ref idref="oc-76"/>
      </symbol>
      <symbol id="sm-4a3">
         <name>__TI_int53</name>
         <value>0xfff2</value>
         <object_component_ref idref="oc-77"/>
      </symbol>
      <symbol id="sm-4a6">
         <name>__TI_int54</name>
         <value>0xfff4</value>
         <object_component_ref idref="oc-78"/>
      </symbol>
      <symbol id="sm-4a9">
         <name>__TI_int55</name>
         <value>0xfff6</value>
         <object_component_ref idref="oc-79"/>
      </symbol>
      <symbol id="sm-4ac">
         <name>__TI_int56</name>
         <value>0xfff8</value>
         <object_component_ref idref="oc-7a"/>
      </symbol>
      <symbol id="sm-4af">
         <name>__TI_int57</name>
         <value>0xfffa</value>
         <object_component_ref idref="oc-7b"/>
      </symbol>
      <symbol id="sm-4b2">
         <name>__TI_int58</name>
         <value>0xfffc</value>
         <object_component_ref idref="oc-7c"/>
      </symbol>
      <symbol id="sm-4ba">
         <name>__TI_ISR_TRAP</name>
         <value>0xde96</value>
         <object_component_ref idref="oc-df"/>
      </symbol>
      <symbol id="sm-4d0">
         <name>_nop</name>
         <value>0xdeae</value>
         <object_component_ref idref="oc-1aa"/>
      </symbol>
      <symbol id="sm-4d1">
         <name>_lock</name>
         <value>0x2260</value>
         <object_component_ref idref="oc-13d"/>
      </symbol>
      <symbol id="sm-4d2">
         <name>_unlock</name>
         <value>0x2264</value>
         <object_component_ref idref="oc-146"/>
      </symbol>
      <symbol id="sm-4db">
         <name>__mspabi_slli</name>
         <value>0xde68</value>
         <object_component_ref idref="oc-282"/>
      </symbol>
      <symbol id="sm-4e4">
         <name>__mspabi_srli</name>
         <value>0xde72</value>
         <object_component_ref idref="oc-277"/>
      </symbol>
      <symbol id="sm-4f2">
         <name>memcpy</name>
         <value>0xdde4</value>
         <object_component_ref idref="oc-1e6"/>
      </symbol>
      <symbol id="sm-4fd">
         <name>_system_pre_init</name>
         <value>0xdea6</value>
         <object_component_ref idref="oc-eb"/>
      </symbol>
      <symbol id="sm-520">
         <name>printf</name>
         <value>0xd84c</value>
         <object_component_ref idref="oc-171"/>
      </symbol>
      <symbol id="sm-53d">
         <name>_auto_init_hold_wdt</name>
         <value>0xd27e</value>
         <object_component_ref idref="oc-f1"/>
      </symbol>
      <symbol id="sm-54d">
         <name>__TI_tmpnams</name>
         <value>0x238e</value>
      </symbol>
      <symbol id="sm-54e">
         <name>_ftable</name>
         <value>0x21b8</value>
         <object_component_ref idref="oc-23a"/>
      </symbol>
      <symbol id="sm-54f">
         <name>__TI_ft_end</name>
         <value>0x226a</value>
         <object_component_ref idref="oc-3c7"/>
      </symbol>
      <symbol id="sm-562">
         <name>putc</name>
         <value>0xcff2</value>
         <object_component_ref idref="oc-2a5"/>
      </symbol>
      <symbol id="sm-563">
         <name>fputc</name>
         <value>0xcff2</value>
         <object_component_ref idref="oc-2a5"/>
      </symbol>
      <symbol id="sm-57b">
         <name>fputs</name>
         <value>0xcacc</value>
         <object_component_ref idref="oc-29e"/>
      </symbol>
      <symbol id="sm-593">
         <name>__TI_wrt_ok</name>
         <value>0xd204</value>
         <object_component_ref idref="oc-2f0"/>
      </symbol>
      <symbol id="sm-5ee">
         <name>lseek</name>
         <value>0xdbf4</value>
         <object_component_ref idref="oc-369"/>
      </symbol>
      <symbol id="sm-5ef">
         <name>write</name>
         <value>0xdc1a</value>
         <object_component_ref idref="oc-302"/>
      </symbol>
      <symbol id="sm-5f0">
         <name>close</name>
         <value>0xd6fc</value>
         <object_component_ref idref="oc-405"/>
      </symbol>
      <symbol id="sm-5f1">
         <name>unlink</name>
         <value>0xdba2</value>
         <object_component_ref idref="oc-40c"/>
      </symbol>
      <symbol id="sm-600">
         <name>memchr</name>
         <value>0xdd72</value>
         <object_component_ref idref="oc-2f6"/>
      </symbol>
      <symbol id="sm-667">
         <name>__TI_printfi_minimal</name>
         <value>0xcd4c</value>
         <object_component_ref idref="oc-249"/>
      </symbol>
      <symbol id="sm-67f">
         <name>setvbuf</name>
         <value>0xcc80</value>
         <object_component_ref idref="oc-33f"/>
      </symbol>
      <symbol id="sm-68e">
         <name>strchr</name>
         <value>0xdce6</value>
         <object_component_ref idref="oc-453"/>
      </symbol>
      <symbol id="sm-69c">
         <name>strcmp</name>
         <value>0xdd18</value>
         <object_component_ref idref="oc-470"/>
      </symbol>
      <symbol id="sm-6a9">
         <name>strlen</name>
         <value>0xde14</value>
         <object_component_ref idref="oc-2ac"/>
      </symbol>
      <symbol id="sm-6b9">
         <name>strncpy</name>
         <value>0xdb76</value>
         <object_component_ref idref="oc-459"/>
      </symbol>
      <symbol id="sm-6f4">
         <name>HOSTrename</name>
         <value>0xd2f8</value>
         <object_component_ref idref="oc-3f1"/>
      </symbol>
      <symbol id="sm-6f5">
         <name>HOSTclose</name>
         <value>0xd746</value>
         <object_component_ref idref="oc-3d3"/>
      </symbol>
      <symbol id="sm-6f6">
         <name>HOSTunlink</name>
         <value>0xd78a</value>
         <object_component_ref idref="oc-3eb"/>
      </symbol>
      <symbol id="sm-6f7">
         <name>HOSTlseek</name>
         <value>0xd07e</value>
         <object_component_ref idref="oc-3e5"/>
      </symbol>
      <symbol id="sm-6f8">
         <name>HOSTopen</name>
         <value>0xd434</value>
         <object_component_ref idref="oc-3cd"/>
      </symbol>
      <symbol id="sm-6f9">
         <name>HOSTwrite</name>
         <value>0xd4f8</value>
         <object_component_ref idref="oc-3df"/>
      </symbol>
      <symbol id="sm-6fa">
         <name>HOSTread</name>
         <value>0xd556</value>
         <object_component_ref idref="oc-3d9"/>
      </symbol>
      <symbol id="sm-718">
         <name>__TI_readmsg</name>
         <value>0xdb4a</value>
         <object_component_ref idref="oc-41f"/>
      </symbol>
      <symbol id="sm-719">
         <name>C$$IO$$</name>
         <value>0xdabc</value>
         <object_component_ref idref="oc-419"/>
      </symbol>
      <symbol id="sm-71a">
         <name>_CIOBUF_</name>
         <value>0x226e</value>
         <object_component_ref idref="oc-449"/>
      </symbol>
      <symbol id="sm-71b">
         <name>__TI_writemsg</name>
         <value>0xda92</value>
         <object_component_ref idref="oc-419"/>
      </symbol>
      <symbol id="sm-72c">
         <name>__TI_doflush</name>
         <value>0xd496</value>
         <object_component_ref idref="oc-2fc"/>
      </symbol>
      <symbol id="sm-738">
         <name>__TI_cleanup</name>
         <value>0xda60</value>
         <object_component_ref idref="oc-37d"/>
      </symbol>
      <symbol id="sm-748">
         <name>fseek</name>
         <value>0xd362</value>
         <object_component_ref idref="oc-339"/>
      </symbol>
      <symbol id="sm-750">
         <name>__mspabi_slll_9</name>
         <value>0xd920</value>
         <object_component_ref idref="oc-42e"/>
      </symbol>
      <symbol id="sm-751">
         <name>__mspabi_slll_8</name>
         <value>0xd924</value>
         <object_component_ref idref="oc-42e"/>
      </symbol>
      <symbol id="sm-752">
         <name>__mspabi_slll_7</name>
         <value>0xd928</value>
         <object_component_ref idref="oc-42e"/>
      </symbol>
      <symbol id="sm-753">
         <name>__mspabi_slll_6</name>
         <value>0xd92c</value>
         <object_component_ref idref="oc-42e"/>
      </symbol>
      <symbol id="sm-754">
         <name>__mspabi_slll_5</name>
         <value>0xd930</value>
         <object_component_ref idref="oc-42e"/>
      </symbol>
      <symbol id="sm-755">
         <name>__mspabi_slll_4</name>
         <value>0xd934</value>
         <object_component_ref idref="oc-42e"/>
      </symbol>
      <symbol id="sm-756">
         <name>__mspabi_slll_3</name>
         <value>0xd938</value>
         <object_component_ref idref="oc-42e"/>
      </symbol>
      <symbol id="sm-757">
         <name>__mspabi_slll_2</name>
         <value>0xd93c</value>
         <object_component_ref idref="oc-42e"/>
      </symbol>
      <symbol id="sm-758">
         <name>__mspabi_slll_1</name>
         <value>0xd940</value>
         <object_component_ref idref="oc-42e"/>
      </symbol>
      <symbol id="sm-759">
         <name>__mspabi_slll_15</name>
         <value>0xd908</value>
         <object_component_ref idref="oc-42e"/>
      </symbol>
      <symbol id="sm-75a">
         <name>__mspabi_slll_14</name>
         <value>0xd90c</value>
         <object_component_ref idref="oc-42e"/>
      </symbol>
      <symbol id="sm-75b">
         <name>__mspabi_slll_13</name>
         <value>0xd910</value>
         <object_component_ref idref="oc-42e"/>
      </symbol>
      <symbol id="sm-75c">
         <name>__mspabi_slll_12</name>
         <value>0xd914</value>
         <object_component_ref idref="oc-42e"/>
      </symbol>
      <symbol id="sm-75d">
         <name>__mspabi_slll_11</name>
         <value>0xd918</value>
         <object_component_ref idref="oc-42e"/>
      </symbol>
      <symbol id="sm-75e">
         <name>__mspabi_slll_10</name>
         <value>0xd91c</value>
         <object_component_ref idref="oc-42e"/>
      </symbol>
      <symbol id="sm-766">
         <name>__mspabi_srll_8</name>
         <value>0xd962</value>
         <object_component_ref idref="oc-429"/>
      </symbol>
      <symbol id="sm-767">
         <name>__mspabi_srll_9</name>
         <value>0xd95e</value>
         <object_component_ref idref="oc-429"/>
      </symbol>
      <symbol id="sm-768">
         <name>__mspabi_srll_6</name>
         <value>0xd96a</value>
         <object_component_ref idref="oc-429"/>
      </symbol>
      <symbol id="sm-769">
         <name>__mspabi_srll_7</name>
         <value>0xd966</value>
         <object_component_ref idref="oc-429"/>
      </symbol>
      <symbol id="sm-76a">
         <name>__mspabi_srll_4</name>
         <value>0xd972</value>
         <object_component_ref idref="oc-429"/>
      </symbol>
      <symbol id="sm-76b">
         <name>__mspabi_srll_5</name>
         <value>0xd96e</value>
         <object_component_ref idref="oc-429"/>
      </symbol>
      <symbol id="sm-76c">
         <name>__mspabi_srll_2</name>
         <value>0xd97a</value>
         <object_component_ref idref="oc-429"/>
      </symbol>
      <symbol id="sm-76d">
         <name>__mspabi_srll_3</name>
         <value>0xd976</value>
         <object_component_ref idref="oc-429"/>
      </symbol>
      <symbol id="sm-76e">
         <name>__mspabi_srll_1</name>
         <value>0xd97e</value>
         <object_component_ref idref="oc-429"/>
      </symbol>
      <symbol id="sm-76f">
         <name>__mspabi_srll_15</name>
         <value>0xd946</value>
         <object_component_ref idref="oc-429"/>
      </symbol>
      <symbol id="sm-770">
         <name>__mspabi_srll_14</name>
         <value>0xd94a</value>
         <object_component_ref idref="oc-429"/>
      </symbol>
      <symbol id="sm-771">
         <name>__mspabi_srll_13</name>
         <value>0xd94e</value>
         <object_component_ref idref="oc-429"/>
      </symbol>
      <symbol id="sm-772">
         <name>__mspabi_srll_12</name>
         <value>0xd952</value>
         <object_component_ref idref="oc-429"/>
      </symbol>
      <symbol id="sm-773">
         <name>__mspabi_srll_11</name>
         <value>0xd956</value>
         <object_component_ref idref="oc-429"/>
      </symbol>
      <symbol id="sm-774">
         <name>__mspabi_srll_10</name>
         <value>0xd95a</value>
         <object_component_ref idref="oc-429"/>
      </symbol>
      <symbol id="sm-783">
         <name>memccpy</name>
         <value>0xdccc</value>
         <object_component_ref idref="oc-31b"/>
      </symbol>
      <symbol id="sm-7d0">
         <name>_sys_memory</name>
         <value>0x2000</value>
         <object_component_ref idref="oc-c3"/>
      </symbol>
      <symbol id="sm-7d1">
         <name>free</name>
         <value>0xd184</value>
         <object_component_ref idref="oc-371"/>
      </symbol>
      <symbol id="sm-7d2">
         <name>malloc</name>
         <value>0xce0c</value>
         <object_component_ref idref="oc-377"/>
      </symbol>
      <symbol id="sm-7d3">
         <name>minit</name>
         <value>0xd9c0</value>
         <object_component_ref idref="oc-3ba"/>
      </symbol>
      <symbol id="sm-7e1">
         <name>memset</name>
         <value>0xdd86</value>
         <object_component_ref idref="oc-30e"/>
      </symbol>
      <symbol id="sm-7eb">
         <name>__mspabi_mpyi_sw</name>
         <value>0xdd9a</value>
         <object_component_ref idref="oc-3aa"/>
      </symbol>
      <symbol id="sm-7ec">
         <name>__mspabi_mpyi</name>
         <value>0xdd9a</value>
         <object_component_ref idref="oc-3aa"/>
      </symbol>
      <symbol id="sm-7f9">
         <name>strcpy</name>
         <value>0xddf6</value>
         <object_component_ref idref="oc-435"/>
      </symbol>
      <symbol id="sm-80a">
         <name>__TI_closefile</name>
         <value>0xd3cc</value>
         <object_component_ref idref="oc-3c1"/>
      </symbol>
      <symbol id="sm-80f">
         <name>__TI_INITARRAY_Base</name>
         <value>0x0</value>
      </symbol>
      <symbol id="sm-810">
         <name>__TI_INITARRAY_Limit</name>
         <value>0x0</value>
      </symbol>
      <symbol id="sm-811">
         <name>remove</name>
         <value>0xdba2</value>
      </symbol>
   </symbol_table>
   <title>Link successful</title>
</link_info>
